Archive member included to satisfy reference by file (symbol)

/home/hazelwiss/dev/research/gc/common/../lib/cube/libogc.a(video.o)
                              light-spotlight.o (VIDEO_Init)
/home/hazelwiss/dev/research/gc/common/../lib/cube/libogc.a(pad.o)
                              light-spotlight.o (PAD_Init)
/home/hazelwiss/dev/research/gc/common/../lib/cube/libogc.a(system.o)
                              /home/hazelwiss/dev/research/gc/common/../lib/cube/libogc.a(pad.o) (SYS_RegisterResetFunc)
/home/hazelwiss/dev/research/gc/common/../lib/cube/libogc.a(system_asm.o)
                              /home/hazelwiss/dev/research/gc/common/../lib/cube/libogc.a(system.o) (__reset)
/home/hazelwiss/dev/research/gc/common/../lib/cube/libogc.a(cond.o)
                              /home/hazelwiss/dev/research/gc/common/../lib/cube/libogc.a(system.o) (__lwp_cond_init)
/home/hazelwiss/dev/research/gc/common/../lib/cube/libogc.a(gx.o)
                              light-spotlight.o (wgPipe)
/home/hazelwiss/dev/research/gc/common/../lib/cube/libogc.a(gu.o)
                              light-spotlight.o (guPerspective)
/home/hazelwiss/dev/research/gc/common/../lib/cube/libogc.a(gu_psasm.o)
                              light-spotlight.o (ps_guMtxConcat)
/home/hazelwiss/dev/research/gc/common/../lib/cube/libogc.a(decrementer.o)
                              /home/hazelwiss/dev/research/gc/common/../lib/cube/libogc.a(system.o) (__decrementer_init)
/home/hazelwiss/dev/research/gc/common/../lib/cube/libogc.a(message.o)
                              /home/hazelwiss/dev/research/gc/common/../lib/cube/libogc.a(system.o) (__lwp_mqbox_init)
/home/hazelwiss/dev/research/gc/common/../lib/cube/libogc.a(si.o)
                              /home/hazelwiss/dev/research/gc/common/../lib/cube/libogc.a(pad.o) (SI_Transfer)
/home/hazelwiss/dev/research/gc/common/../lib/cube/libogc.a(ogc_crt0.o)
                              (_start)
/home/hazelwiss/dev/research/gc/common/../lib/cube/libogc.a(timesupp.o)
                              /home/hazelwiss/dev/research/gc/common/../lib/cube/libogc.a(system.o) (gettick)
/home/hazelwiss/dev/research/gc/common/../lib/cube/libogc.a(lock_supp.o)
                              /home/hazelwiss/dev/research/gc/common/../lib/cube/libogc.a(system.o) (__syscall_lock_init)
/home/hazelwiss/dev/research/gc/common/../lib/cube/libogc.a(sbrk.o)
                              /home/hazelwiss/dev/research/gc/common/../lib/cube/libogc.a(system.o) (_sbrk_r)
/home/hazelwiss/dev/research/gc/common/../lib/cube/libogc.a(malloc_lock.o)
                              /home/hazelwiss/dev/research/gc/common/../lib/cube/libogc.a(system.o) (__memlock_init)
/home/hazelwiss/dev/research/gc/common/../lib/cube/libogc.a(argv.o)
                              /home/hazelwiss/dev/research/gc/common/../lib/cube/libogc.a(ogc_crt0.o) (__CheckARGV)
/home/hazelwiss/dev/research/gc/common/../lib/cube/libogc.a(lwp_priority.o)
                              /home/hazelwiss/dev/research/gc/common/../lib/cube/libogc.a(system.o) (__lwp_priority_init)
/home/hazelwiss/dev/research/gc/common/../lib/cube/libogc.a(lwp_threadq.o)
                              /home/hazelwiss/dev/research/gc/common/../lib/cube/libogc.a(cond.o) (__lwp_threadqueue_init)
/home/hazelwiss/dev/research/gc/common/../lib/cube/libogc.a(lwp_threads.o)
                              /home/hazelwiss/dev/research/gc/common/../lib/cube/libogc.a(cond.o) (_thr_executing)
/home/hazelwiss/dev/research/gc/common/../lib/cube/libogc.a(lwp_messages.o)
                              /home/hazelwiss/dev/research/gc/common/../lib/cube/libogc.a(message.o) (__lwpmq_initialize)
/home/hazelwiss/dev/research/gc/common/../lib/cube/libogc.a(lwp.o)
                              /home/hazelwiss/dev/research/gc/common/../lib/cube/libogc.a(system.o) (__lwp_sysinit)
/home/hazelwiss/dev/research/gc/common/../lib/cube/libogc.a(lwp_handler.o)
                              /home/hazelwiss/dev/research/gc/common/../lib/cube/libogc.a(lwp_threads.o) (_cpu_context_save_fp)
/home/hazelwiss/dev/research/gc/common/../lib/cube/libogc.a(lwp_stack.o)
                              /home/hazelwiss/dev/research/gc/common/../lib/cube/libogc.a(lwp_threads.o) (__lwp_stack_allocate)
/home/hazelwiss/dev/research/gc/common/../lib/cube/libogc.a(lwp_mutex.o)
                              /home/hazelwiss/dev/research/gc/common/../lib/cube/libogc.a(malloc_lock.o) (__lwp_mutex_initialize)
/home/hazelwiss/dev/research/gc/common/../lib/cube/libogc.a(lwp_watchdog.o)
                              /home/hazelwiss/dev/research/gc/common/../lib/cube/libogc.a(system.o) (_wd_ticks_queue)
/home/hazelwiss/dev/research/gc/common/../lib/cube/libogc.a(lwp_wkspace.o)
                              /home/hazelwiss/dev/research/gc/common/../lib/cube/libogc.a(lwp_messages.o) (__wkspace_heap)
/home/hazelwiss/dev/research/gc/common/../lib/cube/libogc.a(lwp_objmgr.o)
[...]
Memory Configuration

Name             Origin             Length             Attributes
*default*        0x00000000         0xffffffff

Linker script and memory map

                0x80003100                        . = 0x80003100

.init           0x80003100      0x194
 *crt0.o(*.init)
 .init          0x80003100      0x170 /home/hazelwiss/dev/research/gc/common/../lib/cube/libogc.a(ogc_crt0.o)
                0x80003100                _start
                0x80003240                _memset
 *(.init)
 .init          0x80003270        0xc /opt/devkitpro/devkitPPC/bin/../lib/gcc/powerpc-eabi/15.1.0/ecrti.o
                0x80003270                __init
 .init          0x8000327c        0x4 /opt/devkitpro/devkitPPC/bin/../lib/gcc/powerpc-eabi/15.1.0/crtbegin.o
 .init          0x80003280        0x4 /opt/devkitpro/devkitPPC/bin/../lib/gcc/powerpc-eabi/15.1.0/crtend.o
 .init          0x80003284       0x10 /opt/devkitpro/devkitPPC/bin/../lib/gcc/powerpc-eabi/15.1.0/ecrtn.o

.rela.dyn       0x80003294        0x0
 .rela.iplt     0x80003294        0x0 /opt/devkitpro/devkitPPC/bin/../lib/gcc/powerpc-eabi/15.1.0/crtbegin.o

.plt
 *(.plt)

.interp
 *(.interp)

.hash
 *(.hash)

.dynsym
 *(.dynsym)

.dynstr
 *(.dynstr)

.gnu.version
 *(.gnu.version)

.gnu.version_d
 *(.gnu.version_d)

.gnu.version_r
 *(.gnu.version_r)

.rel.init
 *(.rel.init)

.rela.init
 *(.rela.init)

.rel.text
 *(.rel.text .rel.text.* .rel.gnu.linkonce.t.*)

.rela.text      0x80003294        0x0
 *(.rela.text .rela.text.* .rela.gnu.linkonce.t.*)
 .rela.text.__do_global_dtors_aux
                0x80003294        0x0 /opt/devkitpro/devkitPPC/bin/../lib/gcc/powerpc-eabi/15.1.0/crtbegin.o
 .rela.text.frame_dummy
                0x80003294        0x0 /opt/devkitpro/devkitPPC/bin/../lib/gcc/powerpc-eabi/15.1.0/crtbegin.o
 .rela.text.unlikely.abort
                0x80003294        0x0 /opt/devkitpro/devkitPPC/bin/../lib/gcc/powerpc-eabi/15.1.0/crtbegin.o

.rel.fini
 *(.rel.fini)

.rela.fini
 *(.rela.fini)

.rel.rodata
 *(.rel.rodata .rel.rodata.* .rel.gnu.linkonce.r.*)

.rela.rodata
 *(.rela.rodata .rela.rodata.* .rela.gnu.linkonce.r.*)

.rel.data
 *(.rel.data .rel.data.* .rel.gnu.linkonce.d.*)

.rela.data
 *(.rela.data .rela.data.* .rela.gnu.linkonce.d.*)

.rel.tdata
 *(.rel.tdata .rel.tdata.* .rel.gnu.linkonce.td.*)

.rela.tdata
 *(.rela.tdata .rela.tdata.* .rela.gnu.linkonce.td.*)

.rel.tbss
 *(.rel.tbss .rel.tbss.* .rel.gnu.linkonce.tb.*)

.rela.tbss
 *(.rela.tbss .rela.tbss.* .rela.gnu.linkonce.tb.*)

.rel.ctors
 *(.rel.ctors)

.rela.ctors
 *(.rela.ctors)

.rel.dtors
 *(.rel.dtors)

.rela.dtors
 *(.rela.dtors)

.rel.got
 *(.rel.got)

.rela.got
 *(.rela.got)

.rela.got1
 *(.rela.got1)

.rela.got2
 *(.rela.got2)

.rel.sdata
 *(.rel.sdata .rel.sdata.* .rel.gnu.linkonce.s.*)

.rela.sdata
 *(.rela.sdata .rela.sdata.* .rela.gnu.linkonce.s.*)

.rel.sbss
 *(.rel.sbss .rel.sbss.* .rel.gnu.linkonce.sb.*)

.rela.sbss
 *(.rela.sbss .rela.sbss.* .rel.gnu.linkonce.sb.*)

.rel.sdata2
 *(.rel.sdata2 .rel.sdata2.* .rel.gnu.linkonce.s2.*)

.rela.sdata2
 *(.rela.sdata2 .rela.sdata2.* .rela.gnu.linkonce.s2.*)

.rel.sbss2
 *(.rel.sbss2 .rel.sbss2.* .rel.gnu.linkonce.sb2.*)

.rela.sbss2
 *(.rela.sbss2 .rela.sbss2.* .rela.gnu.linkonce.sb2.*)

.rel.bss
 *(.rel.bss .rel.bss.* .rel.gnu.linkonce.b.*)

.rela.bss
 *(.rela.bss .rela.bss.* .rela.gnu.linkonce.b.*)

.rel.plt
 *(.rel.plt)

.rela.plt
 *(.rela.plt)

.text           0x800032a0    0x2fa00
 *(.text)
 .text          0x800032a0      0x434 /home/hazelwiss/dev/research/gc/common/../lib/cube/libogc.a(system_asm.o)
                0x800032a0                __realmode
                0x800032b8                __configBATS
                0x8000338c                __InitFPRS
                0x800034b8                __InitPS
                0x80003514                __InitCache
                0x8000356c                __InitSystem
                0x800035e4                __flush_cache
                0x80003618                __reset
                0x80003688                __InitBATS
                0x800036a4                SYS_SwitchFiber
 .text          0x800036d4      0x8dc /home/hazelwiss/dev/research/gc/common/../lib/cube/libogc.a(gu_psasm.o)
                0x800036d4                ps_guMtxConcat
                0x80003798                ps_guMtxIdentity
                0x800037c4                ps_guMtxCopy
                0x800037f8                ps_guMtxTranspose
                0x80003848                ps_guMtxInverse
                0x80003940                ps_guMtxInvXpose
                0x80003a08                ps_guMtxScale
                0x80003a30                ps_guMtxScaleApply
                0x80003a88                ps_guMtxApplyScale
                0x80003aec                ps_guMtxTrans
                0x80003b20                ps_guMtxTransApply
                0x80003b6c                ps_guMtxApplyTrans
                0x80003be8                ps_guMtxRotTrig
                0x80003c98                __ps_guMtxRotAxisRadInternal
                0x80003d58                ps_guMtxReflect
                0x80003dc8                ps_guVecAdd
                0x80003dec                ps_guVecSub
                0x80003e10                ps_guVecScale
                0x80003e2c                ps_guVecNormalize
                0x80003e70                ps_guVecCross
                0x80003eac                ps_guVecDotProduct
                0x80003ecc                ps_guVecMultiply
                0x80003f20                ps_guVecMultiplySR
                0x80003f90                ps_guQuatDotProduct
 *fill*         0x80003fb0       0x10 00000000
 .text          0x80003fc0      0x44c /home/hazelwiss/dev/research/gc/common/../lib/cube/libogc.a(lwp_handler.o)
                0x80003fc0                _cpu_context_save_fp
                0x80004100                _cpu_context_restore_fp
                0x80004240                _cpu_context_switch
                0x80004320                _cpu_context_save
                0x800043a0                _cpu_context_restore
 .text          0x8000440c      0x1ac /home/hazelwiss/dev/research/gc/common/../lib/cube/libogc.a(irq_handler.o)
                0x8000440c                irq_exceptionhandler
 .text          0x800045b8      0x4f4 /home/hazelwiss/dev/research/gc/common/../lib/cube/libogc.a(cache_asm.o)
                0x800045b8                DCFlashInvalidate
                0x800045cc                DCEnable
                0x800045e0                DCDisable
                0x800045f4                DCFreeze
                0x80004608                DCUnfreeze
                0x8000461c                DCTouchLoad
                0x80004624                DCBlockZero
                0x8000462c                DCBlockStore
                0x80004634                DCBlockFlush
                0x8000463c                DCBlockInvalidate
                0x80004644                DCInvalidateRange
                0x80004674                DCFlushRange
                0x800046a8                DCStoreRange
                0x800046dc                DCFlushRangeNoSync
                0x8000470c                DCStoreRangeNoSync
                0x8000473c                DCZeroRange
                0x8000476c                DCTouchRange
                0x8000479c                ICInvalidateRange
                0x800047d4                ICFlashInvalidate
                0x800047e8                ICEnable
                0x800047fc                ICDisable
                0x80004810                ICFreeze
                0x80004824                ICUnfreeze
                0x80004838                ICBlockInvalidate
                0x80004840                ICSync
                0x80004848                L2Init
                0x80004890                L2Enable
                0x800048ac                L2Disable
                0x800048c4                L2GlobalInvalidate
                0x8000491c                __LCEnable
                0x800049e8                LCDisable
                0x80004a10                LCAllocOneTag
                0x80004a24                LCAllocTags
                0x80004a64                LCLoadBlocks
                0x80004a88                LCStoreBlocks
 .text          0x80004aac      0x1ac /home/hazelwiss/dev/research/gc/common/../lib/cube/libogc.a(decrementer_handler.o)
                0x80004aac                dec_exceptionhandler
 .text          0x80004c58      0x35c /home/hazelwiss/dev/research/gc/common/../lib/cube/libogc.a(exception_handler.o)
                0x80004c58                exceptionhandler_start
                0x80004cd4                exceptionhandler_patch
                0x80004d08                exceptionhandler_end
                0x80004d0c                default_exceptionhandler
                0x80004e3c                fpu_exceptionhandler
                0x80004f84                systemcallhandler_start
                0x80004fb0                systemcallhandler_end
 .text          0x80004fb4       0x48 /opt/devkitpro/devkitPPC/bin/../lib/gcc/powerpc-eabi/15.1.0/libgcc.a(eabi.o)
                0x80004fb4                __eabi
 *(.text.*)
 .text.__do_global_dtors_aux
                0x80004ffc       0xcc /opt/devkitpro/devkitPPC/bin/../lib/gcc/powerpc-eabi/15.1.0/crtbegin.o
 .text.frame_dummy
                0x800050c8       0x24 /opt/devkitpro/devkitPPC/bin/../lib/gcc/powerpc-eabi/15.1.0/crtbegin.o
 .text.__crtmain
                0x800050ec       0x40 /opt/devkitpro/devkitPPC/bin/../lib/gcc/powerpc-eabi/15.1.0/../../../../powerpc-eabi/lib/crtmain.o
                0x800050f0                __crtmain
 .text.startup.main
                0x8000512c      0x8e8 light-spotlight.o
                0x8000512c                main
 .text.cntlzd   0x80005a14       0x88 /home/hazelwiss/dev/research/gc/common/../lib/cube/libogc.a(video.o)
 .text.__gettiming
                0x80005a9c       0xf0 /home/hazelwiss/dev/research/gc/common/../lib/cube/libogc.a(video.o)
 .text.__setInterruptRegs
                0x80005b8c       0xc0 /home/hazelwiss/dev/research/gc/common/../lib/cube/libogc.a(video.o)
 .text.__setPicConfig
                0x80005c4c      0x138 /home/hazelwiss/dev/research/gc/common/../lib/cube/libogc.a(video.o)
 .text.__setBBIntervalRegs
                0x80005d84      0x154 /home/hazelwiss/dev/research/gc/common/../lib/cube/libogc.a(video.o)
 .text.__setScalingRegs
                0x80005ed8       0xf8 /home/hazelwiss/dev/research/gc/common/../lib/cube/libogc.a(video.o)
 .text.__calcFbbs
                0x80005fd0      0x12c /home/hazelwiss/dev/research/gc/common/../lib/cube/libogc.a(video.o)
 .text.__setFbbRegs
                0x800060fc      0x410 /home/hazelwiss/dev/research/gc/common/../lib/cube/libogc.a(video.o)
 .text.__setHorizontalRegs
                0x8000650c      0x190 /home/hazelwiss/dev/research/gc/common/../lib/cube/libogc.a(video.o)
 .text.__setVerticalRegs
                0x8000669c      0x320 /home/hazelwiss/dev/research/gc/common/../lib/cube/libogc.a(video.o)
 .text.__adjustPosition
                0x800069bc      0x3b8 /home/hazelwiss/dev/research/gc/common/../lib/cube/libogc.a(video.o)
 .text.__importAdjustingValues
                0x80006d74       0x58 /home/hazelwiss/dev/research/gc/common/../lib/cube/libogc.a(video.o)
 .text.__VIInit
                0x80006dcc      0x40c /home/hazelwiss/dev/research/gc/common/../lib/cube/libogc.a(video.o)
 .text.__getCurrentDisplayPosition
                0x800071d8       0xbc /home/hazelwiss/dev/research/gc/common/../lib/cube/libogc.a(video.o)
 .text.__getCurrentHalfLine
                0x80007294       0x94 /home/hazelwiss/dev/research/gc/common/../lib/cube/libogc.a(video.o)
 .text.__getCurrentFieldEvenOdd
                0x80007328       0x5c /home/hazelwiss/dev/research/gc/common/../lib/cube/libogc.a(video.o)
 .text.__VISetRegs
                0x80007384      0x178 /home/hazelwiss/dev/research/gc/common/../lib/cube/libogc.a(video.o)
 .text.__VIDisplayPositionToXY
                0x800074fc      0x508 /home/hazelwiss/dev/research/gc/common/../lib/cube/libogc.a(video.o)
 .text.__VIGetCurrentPosition
                0x80007a04       0x68 /home/hazelwiss/dev/research/gc/common/../lib/cube/libogc.a(video.o)
 .text.__VIRetraceHandler
                0x80007a6c      0x278 /home/hazelwiss/dev/research/gc/common/../lib/cube/libogc.a(video.o)
 .text.VIDEO_Init
                0x80007ce4      0x64c /home/hazelwiss/dev/research/gc/common/../lib/cube/libogc.a(video.o)
                0x80007ce4                VIDEO_Init
 .text.VIDEO_Configure
                0x80008330      0x634 /home/hazelwiss/dev/research/gc/common/../lib/cube/libogc.a(video.o)
                0x80008330                VIDEO_Configure
 .text.VIDEO_WaitVSync
                0x80008964       0xb0 /home/hazelwiss/dev/research/gc/common/../lib/cube/libogc.a(video.o)
                0x80008964                VIDEO_WaitVSync
 .text.VIDEO_SetFramebuffer
                0x80008a14      0x1c8 /home/hazelwiss/dev/research/gc/common/../lib/cube/libogc.a(video.o)
                0x80008a14                VIDEO_SetFramebuffer
 .text.VIDEO_SetNextFramebuffer
                0x80008bdc       0xd4 /home/hazelwiss/dev/research/gc/common/../lib/cube/libogc.a(video.o)
                0x80008bdc                VIDEO_SetNextFramebuffer
 .text.VIDEO_Flush
                0x80008cb0      0x1d0 /home/hazelwiss/dev/research/gc/common/../lib/cube/libogc.a(video.o)
                0x80008cb0                VIDEO_Flush
 .text.VIDEO_SetBlack
                0x80008e80      0x134 /home/hazelwiss/dev/research/gc/common/../lib/cube/libogc.a(video.o)
                0x80008e80                VIDEO_SetBlack
 .text.VIDEO_GetCurrentTvMode
                0x80008fb4       0xf0 /home/hazelwiss/dev/research/gc/common/../lib/cube/libogc.a(video.o)
                0x80008fb4                VIDEO_GetCurrentTvMode
 .text.VIDEO_GetPreferredMode
                0x800090a4      0x198 /home/hazelwiss/dev/research/gc/common/../lib/cube/libogc.a(video.o)
                0x800090a4                VIDEO_GetPreferredMode
 .text.VIDEO_GetCurrentLine
                0x8000923c       0xdc /home/hazelwiss/dev/research/gc/common/../lib/cube/libogc.a(video.o)
                0x8000923c                VIDEO_GetCurrentLine
 .text.VIDEO_GetFrameBufferSize
                0x80009318       0x74 /home/hazelwiss/dev/research/gc/common/../lib/cube/libogc.a(video.o)
                0x80009318                VIDEO_GetFrameBufferSize
 .text.VIDEO_HaveComponentCable
                0x8000938c       0x38 /home/hazelwiss/dev/research/gc/common/../lib/cube/libogc.a(video.o)
                0x8000938c                VIDEO_HaveComponentCable
 .text.__pad_onreset
                0x800093c4       0xa0 /home/hazelwiss/dev/research/gc/common/../lib/cube/libogc.a(pad.o)
 .text.SPEC0_MakeStatus
                0x80009464      0x27c /home/hazelwiss/dev/research/gc/common/../lib/cube/libogc.a(pad.o)
 .text.SPEC1_MakeStatus
                0x800096e0      0x27c /home/hazelwiss/dev/research/gc/common/../lib/cube/libogc.a(pad.o)
 .text.__pad_clampS8
                0x8000995c       0xbc /home/hazelwiss/dev/research/gc/common/../lib/cube/libogc.a(pad.o)
 .text.__pad_clampU8
                0x80009a18       0x5c /home/hazelwiss/dev/research/gc/common/../lib/cube/libogc.a(pad.o)
 .text.SPEC2_MakeStatus
                0x80009a74      0x628 /home/hazelwiss/dev/research/gc/common/../lib/cube/libogc.a(pad.o)
 .text.__pad_updateorigin
                0x8000a09c      0x3ec /home/hazelwiss/dev/research/gc/common/../lib/cube/libogc.a(pad.o)
 .text.__pad_probecallback
                0x8000a488       0x70 /home/hazelwiss/dev/research/gc/common/../lib/cube/libogc.a(pad.o)
 .text.__pad_origincallback
                0x8000a4f8       0x64 /home/hazelwiss/dev/research/gc/common/../lib/cube/libogc.a(pad.o)
 .text.__pad_originupdatecallback
                0x8000a55c       0x90 /home/hazelwiss/dev/research/gc/common/../lib/cube/libogc.a(pad.o)
 .text.__pad_typeandstatuscallback
                0x8000a5ec      0x288 /home/hazelwiss/dev/research/gc/common/../lib/cube/libogc.a(pad.o)
 .text.__pad_receivecheckcallback
                0x8000a874      0x14c /home/hazelwiss/dev/research/gc/common/../lib/cube/libogc.a(pad.o)
 .text.__pad_enable
                0x8000a9c0       0x84 /home/hazelwiss/dev/research/gc/common/../lib/cube/libogc.a(pad.o)
 .text.__pad_disable
                0x8000aa44      0x104 /home/hazelwiss/dev/research/gc/common/../lib/cube/libogc.a(pad.o)
 .text.__pad_doreset
                0x8000ab48       0xac /home/hazelwiss/dev/research/gc/common/../lib/cube/libogc.a(pad.o)
 .text.__pad_samplinghandler
                0x8000abf4       0x28 /home/hazelwiss/dev/research/gc/common/../lib/cube/libogc.a(pad.o)
 .text.__PADDisableRecalibration
                0x8000ac1c       0xf4 /home/hazelwiss/dev/research/gc/common/../lib/cube/libogc.a(pad.o)
                0x8000ac1c                __PADDisableRecalibration
 .text.PAD_Init
                0x8000ad10      0x11c /home/hazelwiss/dev/research/gc/common/../lib/cube/libogc.a(pad.o)
                0x8000ad10                PAD_Init
 .text.PAD_Read
                0x8000ae2c      0x4c8 /home/hazelwiss/dev/research/gc/common/../lib/cube/libogc.a(pad.o)
                0x8000ae2c                PAD_Read
 .text.PAD_Reset
                0x8000b2f4      0x130 /home/hazelwiss/dev/research/gc/common/../lib/cube/libogc.a(pad.o)
                0x8000b2f4                PAD_Reset
 .text.PAD_Recalibrate
                0x8000b424       0x84 /home/hazelwiss/dev/research/gc/common/../lib/cube/libogc.a(pad.o)
                0x8000b424                PAD_Recalibrate
 .text.PAD_Sync
                0x8000b4a8       0x6c /home/hazelwiss/dev/research/gc/common/../lib/cube/libogc.a(pad.o)
                0x8000b4a8                PAD_Sync
 .text.PAD_SetSpec
                0x8000b514       0x94 /home/hazelwiss/dev/research/gc/common/../lib/cube/libogc.a(pad.o)
                0x8000b514                PAD_SetSpec
 .text.PAD_SetSamplingCallback
                0x8000b5a8       0x70 /home/hazelwiss/dev/research/gc/common/../lib/cube/libogc.a(pad.o)
                0x8000b5a8                PAD_SetSamplingCallback
 .text.PAD_ScanPads
                0x8000b618      0x384 /home/hazelwiss/dev/research/gc/common/../lib/cube/libogc.a(pad.o)
                0x8000b618                PAD_ScanPads
 .text.PAD_ButtonsDown
                0x8000b99c       0x8c /home/hazelwiss/dev/research/gc/common/../lib/cube/libogc.a(pad.o)
                0x8000b99c                PAD_ButtonsDown
 .text.__lwp_objmgr_setlocal
                0x8000ba28       0x5c /home/hazelwiss/dev/research/gc/common/../lib/cube/libogc.a(system.o)
 .text.__lwp_objmgr_open
                0x8000ba84       0x50 /home/hazelwiss/dev/research/gc/common/../lib/cube/libogc.a(system.o)
 .text.__lwp_queue_head
                0x8000bad4       0x28 /home/hazelwiss/dev/research/gc/common/../lib/cube/libogc.a(system.o)
 .text.__lwp_queue_tail
                0x8000bafc       0x2c /home/hazelwiss/dev/research/gc/common/../lib/cube/libogc.a(system.o)
 .text.__lwp_queue_init_empty
                0x8000bb28       0x68 /home/hazelwiss/dev/research/gc/common/../lib/cube/libogc.a(system.o)
 .text.__lwp_queue_insertI
                0x8000bb90       0x64 /home/hazelwiss/dev/research/gc/common/../lib/cube/libogc.a(system.o)
 .text.__lwp_wd_initialize
                0x8000bbf4       0x60 /home/hazelwiss/dev/research/gc/common/../lib/cube/libogc.a(system.o)
 .text.__lwp_wd_calc_ticks
                0x8000bc54      0x128 /home/hazelwiss/dev/research/gc/common/../lib/cube/libogc.a(system.o)
 .text.__lwp_wd_insert_ticks
                0x8000bd7c       0xfc /home/hazelwiss/dev/research/gc/common/../lib/cube/libogc.a(system.o)
 .text.__lwp_wd_remove_ticks
                0x8000be78       0x44 /home/hazelwiss/dev/research/gc/common/../lib/cube/libogc.a(system.o)
 .text.__lwp_thread_dispatchenable
                0x8000bebc       0x48 /home/hazelwiss/dev/research/gc/common/../lib/cube/libogc.a(system.o)
 .text.__lwp_thread_dispatchdisable
                0x8000bf04       0x2c /home/hazelwiss/dev/research/gc/common/../lib/cube/libogc.a(system.o)
 .text.__lwp_thread_dispatchunnest
                0x8000bf30       0x2c /home/hazelwiss/dev/research/gc/common/../lib/cube/libogc.a(system.o)
 .text.__sys_state_init
                0x8000bf5c       0x28 /home/hazelwiss/dev/research/gc/common/../lib/cube/libogc.a(system.o)
 .text.__lwp_syswd_open
                0x8000bf84       0x7c /home/hazelwiss/dev/research/gc/common/../lib/cube/libogc.a(system.o)
 .text.__stub_found
                0x8000c000       0x98 /home/hazelwiss/dev/research/gc/common/../lib/cube/libogc.a(system.o)
 .text.__reload
                0x8000c098       0x64 /home/hazelwiss/dev/research/gc/common/../lib/cube/libogc.a(system.o)
                0x8000c098                __reload
 .text.__syscall_exit
                0x8000c0fc       0x74 /home/hazelwiss/dev/research/gc/common/../lib/cube/libogc.a(system.o)
                0x8000c0fc                __syscall_exit
 .text.__syscall_malloc_lock
                0x8000c170       0x38 /home/hazelwiss/dev/research/gc/common/../lib/cube/libogc.a(system.o)
                0x8000c170                __syscall_malloc_lock
 .text.__syscall_malloc_unlock
                0x8000c1a8       0x38 /home/hazelwiss/dev/research/gc/common/../lib/cube/libogc.a(system.o)
                0x8000c1a8                __syscall_malloc_unlock
 .text.__lwp_syswd_allocate
                0x8000c1e0       0x74 /home/hazelwiss/dev/research/gc/common/../lib/cube/libogc.a(system.o)
 .text.__mem_onreset
                0x8000c254       0x60 /home/hazelwiss/dev/research/gc/common/../lib/cube/libogc.a(system.o)
 .text.__sys_alarmhandler
                0x8000c2b4      0x100 /home/hazelwiss/dev/research/gc/common/../lib/cube/libogc.a(system.o)
 .text.__dohotreset
                0x8000c3b4       0x8c /home/hazelwiss/dev/research/gc/common/../lib/cube/libogc.a(system.o)
 .text.__call_resetfuncs
                0x8000c440       0xfc /home/hazelwiss/dev/research/gc/common/../lib/cube/libogc.a(system.o)
 .text.__doreboot
                0x8000c53c       0x88 /home/hazelwiss/dev/research/gc/common/../lib/cube/libogc.a(system.o)
 .text.__MEMInterruptHandler
                0x8000c5c4       0x3c /home/hazelwiss/dev/research/gc/common/../lib/cube/libogc.a(system.o)
 .text.__RSWDefaultHandler
                0x8000c600       0x28 /home/hazelwiss/dev/research/gc/common/../lib/cube/libogc.a(system.o)
 .text.__RSWHandler
                0x8000c628      0x100 /home/hazelwiss/dev/research/gc/common/../lib/cube/libogc.a(system.o)
 .text.__lowmem_init
                0x8000c728      0x1f4 /home/hazelwiss/dev/research/gc/common/../lib/cube/libogc.a(system.o)
 .text.__memprotect_init
                0x8000c91c      0x134 /home/hazelwiss/dev/research/gc/common/../lib/cube/libogc.a(system.o)
 .text.__getrtc
                0x8000ca50      0x190 /home/hazelwiss/dev/research/gc/common/../lib/cube/libogc.a(system.o)
 .text.__sram_read
                0x8000cbe0      0x1a0 /home/hazelwiss/dev/research/gc/common/../lib/cube/libogc.a(system.o)
 .text.__sram_write
                0x8000cd80      0x184 /home/hazelwiss/dev/research/gc/common/../lib/cube/libogc.a(system.o)
 .text.__sram_writecallback
                0x8000cf04       0xb8 /home/hazelwiss/dev/research/gc/common/../lib/cube/libogc.a(system.o)
 .text.__sram_sync
                0x8000cfbc       0x2c /home/hazelwiss/dev/research/gc/common/../lib/cube/libogc.a(system.o)
 .text.__sram_init
                0x8000cfe8       0x94 /home/hazelwiss/dev/research/gc/common/../lib/cube/libogc.a(system.o)
                0x8000cfe8                __sram_init
 .text.DisableWriteGatherPipe
                0x8000d07c       0x3c /home/hazelwiss/dev/research/gc/common/../lib/cube/libogc.a(system.o)
 .text.__buildchecksum
                0x8000d0b8       0xd0 /home/hazelwiss/dev/research/gc/common/../lib/cube/libogc.a(system.o)
 .text.__locksram
                0x8000d188       0xcc /home/hazelwiss/dev/research/gc/common/../lib/cube/libogc.a(system.o)
 .text.__unlocksram
                0x8000d254      0x1a8 /home/hazelwiss/dev/research/gc/common/../lib/cube/libogc.a(system.o)
 .text.__dsp_bootstrap
                0x8000d3fc      0x3b0 /home/hazelwiss/dev/research/gc/common/../lib/cube/libogc.a(system.o)
 .text.__dsp_shutdown
                0x8000d7ac      0x180 /home/hazelwiss/dev/research/gc/common/../lib/cube/libogc.a(system.o)
 .text.__SYS_LockSram
                0x8000d92c       0x3c /home/hazelwiss/dev/research/gc/common/../lib/cube/libogc.a(system.o)
                0x8000d92c                __SYS_LockSram
 .text.__SYS_LockSramEx
                0x8000d968       0x3c /home/hazelwiss/dev/research/gc/common/../lib/cube/libogc.a(system.o)
                0x8000d968                __SYS_LockSramEx
 .text.__SYS_UnlockSram
                0x8000d9a4       0x44 /home/hazelwiss/dev/research/gc/common/../lib/cube/libogc.a(system.o)
                0x8000d9a4                __SYS_UnlockSram
 .text.__SYS_UnlockSramEx
                0x8000d9e8       0x44 /home/hazelwiss/dev/research/gc/common/../lib/cube/libogc.a(system.o)
                0x8000d9e8                __SYS_UnlockSramEx
 .text.__SYS_SyncSram
                0x8000da2c       0x38 /home/hazelwiss/dev/research/gc/common/../lib/cube/libogc.a(system.o)
                0x8000da2c                __SYS_SyncSram
 .text.__SYS_GetRTC
                0x8000da64       0xe4 /home/hazelwiss/dev/research/gc/common/../lib/cube/libogc.a(system.o)
                0x8000da64                __SYS_GetRTC
 .text.__SYS_SetTime
                0x8000db48      0x140 /home/hazelwiss/dev/research/gc/common/../lib/cube/libogc.a(system.o)
 .text.__SYS_SetBootTime
                0x8000dc88       0xd4 /home/hazelwiss/dev/research/gc/common/../lib/cube/libogc.a(system.o)
                0x8000dc88                __SYS_SetBootTime
 .text._V_EXPORTNAME
                0x8000dd5c       0x38 /home/hazelwiss/dev/research/gc/common/../lib/cube/libogc.a(system.o)
                0x8000dd5c                _V_EXPORTNAME
 .text.__SYS_InitCallbacks
                0x8000dd94       0x2c /home/hazelwiss/dev/research/gc/common/../lib/cube/libogc.a(system.o)
                0x8000dd94                __SYS_InitCallbacks
 .text.__SYS_PreInit
                0x8000ddc0       0x20 /home/hazelwiss/dev/research/gc/common/../lib/cube/libogc.a(system.o)
                0x8000ddc0                __SYS_PreInit
 .text.SYS_Init
                0x8000dde0      0x15c /home/hazelwiss/dev/research/gc/common/../lib/cube/libogc.a(system.o)
                0x8000dde0                SYS_Init
 .text.SYS_PreMain
                0x8000df3c       0x34 /home/hazelwiss/dev/research/gc/common/../lib/cube/libogc.a(system.o)
                0x8000df3c                SYS_PreMain
 .text.SYS_ResetButtonDown
                0x8000df70       0x3c /home/hazelwiss/dev/research/gc/common/../lib/cube/libogc.a(system.o)
                0x8000df70                SYS_ResetButtonDown
 .text.SYS_ResetSystem
                0x8000dfac      0x1a0 /home/hazelwiss/dev/research/gc/common/../lib/cube/libogc.a(system.o)
                0x8000dfac                SYS_ResetSystem
 .text.SYS_RegisterResetFunc
                0x8000e14c       0xf8 /home/hazelwiss/dev/research/gc/common/../lib/cube/libogc.a(system.o)
                0x8000e14c                SYS_RegisterResetFunc
 .text.SYS_SetArena1Lo
                0x8000e244       0x88 /home/hazelwiss/dev/research/gc/common/../lib/cube/libogc.a(system.o)
                0x8000e244                SYS_SetArena1Lo
 .text.SYS_GetArena1Lo
                0x8000e2cc       0x88 /home/hazelwiss/dev/research/gc/common/../lib/cube/libogc.a(system.o)
                0x8000e2cc                SYS_GetArena1Lo
 .text.SYS_SetArena1Hi
                0x8000e354       0x88 /home/hazelwiss/dev/research/gc/common/../lib/cube/libogc.a(system.o)
                0x8000e354                SYS_SetArena1Hi
 .text.SYS_GetArena1Hi
                0x8000e3dc       0x88 /home/hazelwiss/dev/research/gc/common/../lib/cube/libogc.a(system.o)
                0x8000e3dc                SYS_GetArena1Hi
 .text.SYS_AllocateFramebuffer
                0x8000e464       0x50 /home/hazelwiss/dev/research/gc/common/../lib/cube/libogc.a(system.o)
                0x8000e464                SYS_AllocateFramebuffer
 .text.SYS_CreateAlarm
                0x8000e4b4       0xbc /home/hazelwiss/dev/research/gc/common/../lib/cube/libogc.a(system.o)
                0x8000e4b4                SYS_CreateAlarm
 .text.SYS_SetAlarm
                0x8000e570      0x118 /home/hazelwiss/dev/research/gc/common/../lib/cube/libogc.a(system.o)
                0x8000e570                SYS_SetAlarm
 .text.SYS_CancelAlarm
                0x8000e688       0xb4 /home/hazelwiss/dev/research/gc/common/../lib/cube/libogc.a(system.o)
                0x8000e688                SYS_CancelAlarm
 .text.SYS_GetCounterBias
                0x8000e73c       0x50 /home/hazelwiss/dev/research/gc/common/../lib/cube/libogc.a(system.o)
                0x8000e73c                SYS_GetCounterBias
 .text.SYS_GetWirelessID
                0x8000e78c       0x68 /home/hazelwiss/dev/research/gc/common/../lib/cube/libogc.a(system.o)
                0x8000e78c                SYS_GetWirelessID
 .text.SYS_SetWirelessID
                0x8000e7f4       0xa0 /home/hazelwiss/dev/research/gc/common/../lib/cube/libogc.a(system.o)
                0x8000e7f4                SYS_SetWirelessID
 .text.SYS_GetGBSMode
                0x8000e894       0x54 /home/hazelwiss/dev/research/gc/common/../lib/cube/libogc.a(system.o)
                0x8000e894                SYS_GetGBSMode
 .text.SYS_SetGBSMode
                0x8000e8e8       0xc4 /home/hazelwiss/dev/research/gc/common/../lib/cube/libogc.a(system.o)
                0x8000e8e8                SYS_SetGBSMode
 .text.SYS_Time
                0x8000e9ac       0xe4 /home/hazelwiss/dev/research/gc/common/../lib/cube/libogc.a(system.o)
                0x8000e9ac                SYS_Time
 .text.__lwp_cond_init
                0x8000ea90       0x44 /home/hazelwiss/dev/research/gc/common/../lib/cube/libogc.a(cond.o)
                0x8000ea90                __lwp_cond_init
 .text.EnableWriteGatherPipe
                0x8000ead4       0x48 /home/hazelwiss/dev/research/gc/common/../lib/cube/libogc.a(gx.o)
 .text.__GX_FifoLink
                0x8000eb1c       0x68 /home/hazelwiss/dev/research/gc/common/../lib/cube/libogc.a(gx.o)
 .text.__GX_WriteFifoIntReset
                0x8000eb84       0x84 /home/hazelwiss/dev/research/gc/common/../lib/cube/libogc.a(gx.o)
 .text.__GX_WriteFifoIntEnable
                0x8000ec08       0x88 /home/hazelwiss/dev/research/gc/common/../lib/cube/libogc.a(gx.o)
 .text.__GX_FifoReadEnable
                0x8000ec90       0x48 /home/hazelwiss/dev/research/gc/common/../lib/cube/libogc.a(gx.o)
 .text.__GX_FifoReadDisable
                0x8000ecd8       0x48 /home/hazelwiss/dev/research/gc/common/../lib/cube/libogc.a(gx.o)
 .text.__gx_onreset
                0x8000ed20       0x4c /home/hazelwiss/dev/research/gc/common/../lib/cube/libogc.a(gx.o)
 .text.__GX_IsGPFifoReady
                0x8000ed6c       0x24 /home/hazelwiss/dev/research/gc/common/../lib/cube/libogc.a(gx.o)
 .text.__GX_CPGPLinkCheck
                0x8000ed90       0x94 /home/hazelwiss/dev/research/gc/common/../lib/cube/libogc.a(gx.o)
 .text.__GX_InitRevBits
                0x8000ee24      0x150 /home/hazelwiss/dev/research/gc/common/../lib/cube/libogc.a(gx.o)
 .text.__GX_WaitAbort
                0x8000ef74      0x114 /home/hazelwiss/dev/research/gc/common/../lib/cube/libogc.a(gx.o)
 .text.__GX_CleanGPFifo
                0x8000f088      0x228 /home/hazelwiss/dev/research/gc/common/../lib/cube/libogc.a(gx.o)
 .text.__GXOverflowHandler
                0x8000f2b0       0x74 /home/hazelwiss/dev/research/gc/common/../lib/cube/libogc.a(gx.o)
 .text.__GXUnderflowHandler
                0x8000f324       0x68 /home/hazelwiss/dev/research/gc/common/../lib/cube/libogc.a(gx.o)
 .text.__GXCPInterruptHandler
                0x8000f38c      0x120 /home/hazelwiss/dev/research/gc/common/../lib/cube/libogc.a(gx.o)
 .text.__GXTokenInterruptHandler
                0x8000f4ac       0x90 /home/hazelwiss/dev/research/gc/common/../lib/cube/libogc.a(gx.o)
 .text.__GXFinishInterruptHandler
                0x8000f53c       0x88 /home/hazelwiss/dev/research/gc/common/../lib/cube/libogc.a(gx.o)
 .text.__GX_PEInit
                0x8000f5c4       0x7c /home/hazelwiss/dev/research/gc/common/../lib/cube/libogc.a(gx.o)
 .text.__GX_FifoInit
                0x8000f640       0xa0 /home/hazelwiss/dev/research/gc/common/../lib/cube/libogc.a(gx.o)
 .text.__GX_SetTmemConfig
                0x8000f6e0      0x714 /home/hazelwiss/dev/research/gc/common/../lib/cube/libogc.a(gx.o)
 .text.__GXDefTexRegionCallback
                0x8000fdf4       0xe0 /home/hazelwiss/dev/research/gc/common/../lib/cube/libogc.a(gx.o)
 .text.__GXDefTlutRegionCallback
                0x8000fed4       0x3c /home/hazelwiss/dev/research/gc/common/../lib/cube/libogc.a(gx.o)
 .text.__GX_InitGX
                0x8000ff10      0x91c /home/hazelwiss/dev/research/gc/common/../lib/cube/libogc.a(gx.o)
 .text.__GX_FlushTextureState
                0x8001082c       0x44 /home/hazelwiss/dev/research/gc/common/../lib/cube/libogc.a(gx.o)
 .text.__GX_XfVtxSpecs
                0x80010870      0x210 /home/hazelwiss/dev/research/gc/common/../lib/cube/libogc.a(gx.o)
 .text.__GX_SetMatrixIndex
                0x80010a80      0x104 /home/hazelwiss/dev/research/gc/common/../lib/cube/libogc.a(gx.o)
 .text.__GX_SetVCD
                0x80010b84       0x9c /home/hazelwiss/dev/research/gc/common/../lib/cube/libogc.a(gx.o)
 .text.__GX_SetVAT
                0x80010c20      0x170 /home/hazelwiss/dev/research/gc/common/../lib/cube/libogc.a(gx.o)
 .text.__SetSURegs
                0x80010d90      0x230 /home/hazelwiss/dev/research/gc/common/../lib/cube/libogc.a(gx.o)
 .text.__GX_SetSUTexRegs
                0x80010fc0      0x2f4 /home/hazelwiss/dev/research/gc/common/../lib/cube/libogc.a(gx.o)
 .text.__GX_SetGenMode
                0x800112b4       0x50 /home/hazelwiss/dev/research/gc/common/../lib/cube/libogc.a(gx.o)
 .text.__GX_UpdateBPMask
                0x80011304      0x190 /home/hazelwiss/dev/research/gc/common/../lib/cube/libogc.a(gx.o)
 .text.__GX_SetIndirectMask
                0x80011494       0x68 /home/hazelwiss/dev/research/gc/common/../lib/cube/libogc.a(gx.o)
 .text.__GX_SetTexCoordGen
                0x800114fc      0x174 /home/hazelwiss/dev/research/gc/common/../lib/cube/libogc.a(gx.o)
 .text.__GX_SetChanColor
                0x80011670      0x140 /home/hazelwiss/dev/research/gc/common/../lib/cube/libogc.a(gx.o)
 .text.__GX_SetChanCntrl
                0x800117b0      0x128 /home/hazelwiss/dev/research/gc/common/../lib/cube/libogc.a(gx.o)
 .text.__GX_SetDirtyState
                0x800118d8      0x134 /home/hazelwiss/dev/research/gc/common/../lib/cube/libogc.a(gx.o)
 .text.__GX_GetNumXfbLines
                0x80011a0c       0xcc /home/hazelwiss/dev/research/gc/common/../lib/cube/libogc.a(gx.o)
 .text.GX_Init  0x80011ad8      0x808 /home/hazelwiss/dev/research/gc/common/../lib/cube/libogc.a(gx.o)
                0x80011ad8                GX_Init
 .text.GX_InitFifoBase
                0x800122e0       0xd4 /home/hazelwiss/dev/research/gc/common/../lib/cube/libogc.a(gx.o)
                0x800122e0                GX_InitFifoBase
 .text.GX_InitFifoLimits
                0x800123b4       0x4c /home/hazelwiss/dev/research/gc/common/../lib/cube/libogc.a(gx.o)
                0x800123b4                GX_InitFifoLimits
 .text.GX_InitFifoPtrs
                0x80012400       0xf0 /home/hazelwiss/dev/research/gc/common/../lib/cube/libogc.a(gx.o)
                0x80012400                GX_InitFifoPtrs
 .text.GX_SetCPUFifo
                0x800124f0      0x300 /home/hazelwiss/dev/research/gc/common/../lib/cube/libogc.a(gx.o)
                0x800124f0                GX_SetCPUFifo
 .text.GX_SetGPFifo
                0x800127f0      0x39c /home/hazelwiss/dev/research/gc/common/../lib/cube/libogc.a(gx.o)
                0x800127f0                GX_SetGPFifo
 .text.GX_Flush
                0x80012b8c       0xc8 /home/hazelwiss/dev/research/gc/common/../lib/cube/libogc.a(gx.o)
                0x80012b8c                GX_Flush
 .text.GX_AbortFrame
                0x80012c54       0x7c /home/hazelwiss/dev/research/gc/common/../lib/cube/libogc.a(gx.o)
                0x80012c54                GX_AbortFrame
 .text.GX_DrawDone
                0x80012cd0      0x10c /home/hazelwiss/dev/research/gc/common/../lib/cube/libogc.a(gx.o)
                0x80012cd0                GX_DrawDone
 .text.GX_SetViewportJitter
                0x80012ddc      0x170 /home/hazelwiss/dev/research/gc/common/../lib/cube/libogc.a(gx.o)
                0x80012ddc                GX_SetViewportJitter
 .text.GX_SetViewport
                0x80012f4c       0x68 /home/hazelwiss/dev/research/gc/common/../lib/cube/libogc.a(gx.o)
                0x80012f4c                GX_SetViewport
 .text.GX_LoadProjectionMtx
                0x80012fb4      0x17c /home/hazelwiss/dev/research/gc/common/../lib/cube/libogc.a(gx.o)
                0x80012fb4                GX_LoadProjectionMtx
 .text.GX_SetCopyClear
                0x80013130       0xe8 /home/hazelwiss/dev/research/gc/common/../lib/cube/libogc.a(gx.o)
                0x80013130                GX_SetCopyClear
 .text.GX_SetCopyClamp
                0x80013218       0x68 /home/hazelwiss/dev/research/gc/common/../lib/cube/libogc.a(gx.o)
                0x80013218                GX_SetCopyClamp
 .text.GX_SetDispCopyGamma
                0x80013280       0x4c /home/hazelwiss/dev/research/gc/common/../lib/cube/libogc.a(gx.o)
                0x80013280                GX_SetDispCopyGamma
 .text.GX_SetCopyFilter
                0x800132cc      0x644 /home/hazelwiss/dev/research/gc/common/../lib/cube/libogc.a(gx.o)
                0x800132cc                GX_SetCopyFilter
 .text.GX_SetDispCopyFrame2Field
                0x80013910       0x4c /home/hazelwiss/dev/research/gc/common/../lib/cube/libogc.a(gx.o)
                0x80013910                GX_SetDispCopyFrame2Field
 .text.GX_SetDispCopyYScale
                0x8001395c      0x120 /home/hazelwiss/dev/research/gc/common/../lib/cube/libogc.a(gx.o)
                0x8001395c                GX_SetDispCopyYScale
 .text.GX_SetDispCopyDst
                0x80013a7c       0x74 /home/hazelwiss/dev/research/gc/common/../lib/cube/libogc.a(gx.o)
                0x80013a7c                GX_SetDispCopyDst
 .text.GX_SetDispCopySrc
                0x80013af0       0xdc /home/hazelwiss/dev/research/gc/common/../lib/cube/libogc.a(gx.o)
                0x80013af0                GX_SetDispCopySrc
 .text.GX_CopyDisp
                0x80013bcc      0x2a4 /home/hazelwiss/dev/research/gc/common/../lib/cube/libogc.a(gx.o)
                0x80013bcc                GX_CopyDisp
 .text.GX_ClearBoundingBox
                0x80013e70       0x68 /home/hazelwiss/dev/research/gc/common/../lib/cube/libogc.a(gx.o)
                0x80013e70                GX_ClearBoundingBox
 .text.GX_SetChanCtrl
                0x80013ed8      0x1b4 /home/hazelwiss/dev/research/gc/common/../lib/cube/libogc.a(gx.o)
                0x80013ed8                GX_SetChanCtrl
 .text.GX_SetChanAmbColor
                0x8001408c      0x1c0 /home/hazelwiss/dev/research/gc/common/../lib/cube/libogc.a(gx.o)
                0x8001408c                GX_SetChanAmbColor
 .text.GX_SetChanMatColor
                0x8001424c      0x1c0 /home/hazelwiss/dev/research/gc/common/../lib/cube/libogc.a(gx.o)
                0x8001424c                GX_SetChanMatColor
 .text.__SETVCDATTR
                0x8001440c      0x3e8 /home/hazelwiss/dev/research/gc/common/../lib/cube/libogc.a(gx.o)
 .text.GX_SetVtxDesc
                0x800147f4       0x6c /home/hazelwiss/dev/research/gc/common/../lib/cube/libogc.a(gx.o)
                0x800147f4                GX_SetVtxDesc
 .text.__SETVCDFMT
                0x80014860      0xedc /home/hazelwiss/dev/research/gc/common/../lib/cube/libogc.a(gx.o)
 .text.GX_SetVtxAttrFmt
                0x8001573c       0x9c /home/hazelwiss/dev/research/gc/common/../lib/cube/libogc.a(gx.o)
                0x8001573c                GX_SetVtxAttrFmt
 .text.GX_Begin
                0x800157d8       0x9c /home/hazelwiss/dev/research/gc/common/../lib/cube/libogc.a(gx.o)
                0x800157d8                GX_Begin
 .text.GX_SetTexCoordGen
                0x80015874       0x64 /home/hazelwiss/dev/research/gc/common/../lib/cube/libogc.a(gx.o)
                0x80015874                GX_SetTexCoordGen
 .text.GX_SetTexCoordGen2
                0x800158d8      0x4c0 /home/hazelwiss/dev/research/gc/common/../lib/cube/libogc.a(gx.o)
                0x800158d8                GX_SetTexCoordGen2
 .text.GX_SetZTexture
                0x80015d98       0xe4 /home/hazelwiss/dev/research/gc/common/../lib/cube/libogc.a(gx.o)
                0x80015d98                GX_SetZTexture
 .text.WriteMtxPS4x3
                0x80015e7c       0x58 /home/hazelwiss/dev/research/gc/common/../lib/cube/libogc.a(gx.o)
 .text.WriteMtxPS3x3from4x3
                0x80015ed4       0x58 /home/hazelwiss/dev/research/gc/common/../lib/cube/libogc.a(gx.o)
 .text.WriteMtxPS4x2
                0x80015f2c       0x48 /home/hazelwiss/dev/research/gc/common/../lib/cube/libogc.a(gx.o)
 .text.GX_LoadPosMtxImm
                0x80015f74       0x78 /home/hazelwiss/dev/research/gc/common/../lib/cube/libogc.a(gx.o)
                0x80015f74                GX_LoadPosMtxImm
 .text.GX_LoadNrmMtxImm
                0x80015fec       0x7c /home/hazelwiss/dev/research/gc/common/../lib/cube/libogc.a(gx.o)
                0x80015fec                GX_LoadNrmMtxImm
 .text.GX_LoadTexMtxImm
                0x80016068      0x118 /home/hazelwiss/dev/research/gc/common/../lib/cube/libogc.a(gx.o)
                0x80016068                GX_LoadTexMtxImm
 .text.GX_SetCurrentMtx
                0x80016180       0x58 /home/hazelwiss/dev/research/gc/common/../lib/cube/libogc.a(gx.o)
                0x80016180                GX_SetCurrentMtx
 .text.GX_SetNumTexGens
                0x800161d8       0x5c /home/hazelwiss/dev/research/gc/common/../lib/cube/libogc.a(gx.o)
                0x800161d8                GX_SetNumTexGens
 .text.GX_InvVtxCache
                0x80016234       0x30 /home/hazelwiss/dev/research/gc/common/../lib/cube/libogc.a(gx.o)
                0x80016234                GX_InvVtxCache
 .text.GX_SetZMode
                0x80016264       0xcc /home/hazelwiss/dev/research/gc/common/../lib/cube/libogc.a(gx.o)
                0x80016264                GX_SetZMode
 .text.GX_GetTexObjFmt
                0x80016330       0x2c /home/hazelwiss/dev/research/gc/common/../lib/cube/libogc.a(gx.o)
                0x80016330                GX_GetTexObjFmt
 .text.GX_InitTexCacheRegion
                0x8001635c      0x210 /home/hazelwiss/dev/research/gc/common/../lib/cube/libogc.a(gx.o)
                0x8001635c                GX_InitTexCacheRegion
 .text.GX_InitTlutRegion
                0x8001656c       0xac /home/hazelwiss/dev/research/gc/common/../lib/cube/libogc.a(gx.o)
                0x8001656c                GX_InitTlutRegion
 .text.GX_InvalidateTexAll
                0x80016618       0x80 /home/hazelwiss/dev/research/gc/common/../lib/cube/libogc.a(gx.o)
                0x80016618                GX_InvalidateTexAll
 .text.GX_SetTexRegionCallback
                0x80016698       0x94 /home/hazelwiss/dev/research/gc/common/../lib/cube/libogc.a(gx.o)
                0x80016698                GX_SetTexRegionCallback
 .text.GX_SetTlutRegionCallback
                0x8001672c       0x94 /home/hazelwiss/dev/research/gc/common/../lib/cube/libogc.a(gx.o)
                0x8001672c                GX_SetTlutRegionCallback
 .text.GX_SetBlendMode
                0x800167c0      0x184 /home/hazelwiss/dev/research/gc/common/../lib/cube/libogc.a(gx.o)
                0x800167c0                GX_SetBlendMode
 .text.GX_ClearVtxDesc
                0x80016944       0x70 /home/hazelwiss/dev/research/gc/common/../lib/cube/libogc.a(gx.o)
                0x80016944                GX_ClearVtxDesc
 .text.GX_SetLineWidth
                0x800169b4       0x98 /home/hazelwiss/dev/research/gc/common/../lib/cube/libogc.a(gx.o)
                0x800169b4                GX_SetLineWidth
 .text.GX_SetPointSize
                0x80016a4c       0x9c /home/hazelwiss/dev/research/gc/common/../lib/cube/libogc.a(gx.o)
                0x80016a4c                GX_SetPointSize
 .text.GX_SetTevOp
                0x80016ae8      0x230 /home/hazelwiss/dev/research/gc/common/../lib/cube/libogc.a(gx.o)
                0x80016ae8                GX_SetTevOp
 .text.GX_SetTevColorIn
                0x80016d18      0x19c /home/hazelwiss/dev/research/gc/common/../lib/cube/libogc.a(gx.o)
                0x80016d18                GX_SetTevColorIn
 .text.GX_SetTevAlphaIn
                0x80016eb4      0x1a0 /home/hazelwiss/dev/research/gc/common/../lib/cube/libogc.a(gx.o)
                0x80016eb4                GX_SetTevAlphaIn
 .text.GX_SetTevColorOp
                0x80017054      0x270 /home/hazelwiss/dev/research/gc/common/../lib/cube/libogc.a(gx.o)
                0x80017054                GX_SetTevColorOp
 .text.GX_SetTevAlphaOp
                0x800172c4      0x270 /home/hazelwiss/dev/research/gc/common/../lib/cube/libogc.a(gx.o)
                0x800172c4                GX_SetTevAlphaOp
 .text.GX_SetCullMode
                0x80017534       0x6c /home/hazelwiss/dev/research/gc/common/../lib/cube/libogc.a(gx.o)
                0x80017534                GX_SetCullMode
 .text.GX_SetCoPlanar
                0x800175a0       0x90 /home/hazelwiss/dev/research/gc/common/../lib/cube/libogc.a(gx.o)
                0x800175a0                GX_SetCoPlanar
 .text.GX_EnableTexOffsets
                0x80017630      0x108 /home/hazelwiss/dev/research/gc/common/../lib/cube/libogc.a(gx.o)
                0x80017630                GX_EnableTexOffsets
 .text.GX_SetClipMode
                0x80017738       0x5c /home/hazelwiss/dev/research/gc/common/../lib/cube/libogc.a(gx.o)
                0x80017738                GX_SetClipMode
 .text.GX_SetScissor
                0x80017794      0x140 /home/hazelwiss/dev/research/gc/common/../lib/cube/libogc.a(gx.o)
                0x80017794                GX_SetScissor
 .text.GX_SetScissorBoxOffset
                0x800178d4       0x88 /home/hazelwiss/dev/research/gc/common/../lib/cube/libogc.a(gx.o)
                0x800178d4                GX_SetScissorBoxOffset
 .text.GX_SetNumChans
                0x8001795c       0x64 /home/hazelwiss/dev/research/gc/common/../lib/cube/libogc.a(gx.o)
                0x8001795c                GX_SetNumChans
 .text.GX_SetTevOrder
                0x800179c0      0x420 /home/hazelwiss/dev/research/gc/common/../lib/cube/libogc.a(gx.o)
                0x800179c0                GX_SetTevOrder
 .text.GX_SetNumTevStages
                0x80017de0       0x64 /home/hazelwiss/dev/research/gc/common/../lib/cube/libogc.a(gx.o)
                0x80017de0                GX_SetNumTevStages
 .text.GX_SetAlphaCompare
                0x80017e44       0xc0 /home/hazelwiss/dev/research/gc/common/../lib/cube/libogc.a(gx.o)
                0x80017e44                GX_SetAlphaCompare
 .text.GX_SetTevKColorSel
                0x80017f04      0x118 /home/hazelwiss/dev/research/gc/common/../lib/cube/libogc.a(gx.o)
                0x80017f04                GX_SetTevKColorSel
 .text.GX_SetTevKAlphaSel
                0x8001801c      0x118 /home/hazelwiss/dev/research/gc/common/../lib/cube/libogc.a(gx.o)
                0x8001801c                GX_SetTevKAlphaSel
 .text.GX_SetTevSwapMode
                0x80018134      0x104 /home/hazelwiss/dev/research/gc/common/../lib/cube/libogc.a(gx.o)
                0x80018134                GX_SetTevSwapMode
 .text.GX_SetTevSwapModeTable
                0x80018238      0x1e4 /home/hazelwiss/dev/research/gc/common/../lib/cube/libogc.a(gx.o)
                0x80018238                GX_SetTevSwapModeTable
 .text.GX_SetTevIndirect
                0x8001841c      0x13c /home/hazelwiss/dev/research/gc/common/../lib/cube/libogc.a(gx.o)
                0x8001841c                GX_SetTevIndirect
 .text.GX_SetTevDirect
                0x80018558       0x6c /home/hazelwiss/dev/research/gc/common/../lib/cube/libogc.a(gx.o)
                0x80018558                GX_SetTevDirect
 .text.GX_SetNumIndStages
                0x800185c4       0x60 /home/hazelwiss/dev/research/gc/common/../lib/cube/libogc.a(gx.o)
                0x800185c4                GX_SetNumIndStages
 .text.GX_SetIndTexCoordScale
                0x80018624      0x230 /home/hazelwiss/dev/research/gc/common/../lib/cube/libogc.a(gx.o)
                0x80018624                GX_SetIndTexCoordScale
 .text.GX_SetFog
                0x80018854      0x444 /home/hazelwiss/dev/research/gc/common/../lib/cube/libogc.a(gx.o)
                0x80018854                GX_SetFog
 .text.GX_SetFogRangeAdj
                0x80018c98      0x218 /home/hazelwiss/dev/research/gc/common/../lib/cube/libogc.a(gx.o)
                0x80018c98                GX_SetFogRangeAdj
 .text.GX_SetColorUpdate
                0x80018eb0       0x70 /home/hazelwiss/dev/research/gc/common/../lib/cube/libogc.a(gx.o)
                0x80018eb0                GX_SetColorUpdate
 .text.GX_SetAlphaUpdate
                0x80018f20       0x70 /home/hazelwiss/dev/research/gc/common/../lib/cube/libogc.a(gx.o)
                0x80018f20                GX_SetAlphaUpdate
 .text.GX_SetZCompLoc
                0x80018f90       0x70 /home/hazelwiss/dev/research/gc/common/../lib/cube/libogc.a(gx.o)
                0x80018f90                GX_SetZCompLoc
 .text.GX_SetPixelFmt
                0x80019000      0x1c0 /home/hazelwiss/dev/research/gc/common/../lib/cube/libogc.a(gx.o)
                0x80019000                GX_SetPixelFmt
 .text.GX_SetDither
                0x800191c0       0x70 /home/hazelwiss/dev/research/gc/common/../lib/cube/libogc.a(gx.o)
                0x800191c0                GX_SetDither
 .text.GX_SetDstAlpha
                0x80019230       0x98 /home/hazelwiss/dev/research/gc/common/../lib/cube/libogc.a(gx.o)
                0x80019230                GX_SetDstAlpha
 .text.GX_SetFieldMask
                0x800192c8       0x7c /home/hazelwiss/dev/research/gc/common/../lib/cube/libogc.a(gx.o)
                0x800192c8                GX_SetFieldMask
 .text.GX_SetFieldMode
                0x80019344       0xbc /home/hazelwiss/dev/research/gc/common/../lib/cube/libogc.a(gx.o)
                0x80019344                GX_SetFieldMode
 .text.GX_PokeAlphaMode
                0x80019400       0x5c /home/hazelwiss/dev/research/gc/common/../lib/cube/libogc.a(gx.o)
                0x80019400                GX_PokeAlphaMode
 .text.GX_PokeAlphaRead
                0x8001945c       0x48 /home/hazelwiss/dev/research/gc/common/../lib/cube/libogc.a(gx.o)
                0x8001945c                GX_PokeAlphaRead
 .text.GX_PokeDstAlpha
                0x800194a4       0x60 /home/hazelwiss/dev/research/gc/common/../lib/cube/libogc.a(gx.o)
                0x800194a4                GX_PokeDstAlpha
 .text.GX_PokeAlphaUpdate
                0x80019504       0x64 /home/hazelwiss/dev/research/gc/common/../lib/cube/libogc.a(gx.o)
                0x80019504                GX_PokeAlphaUpdate
 .text.GX_PokeColorUpdate
                0x80019568       0x64 /home/hazelwiss/dev/research/gc/common/../lib/cube/libogc.a(gx.o)
                0x80019568                GX_PokeColorUpdate
 .text.GX_PokeDither
                0x800195cc       0x64 /home/hazelwiss/dev/research/gc/common/../lib/cube/libogc.a(gx.o)
                0x800195cc                GX_PokeDither
 .text.GX_PokeBlendMode
                0x80019630      0x150 /home/hazelwiss/dev/research/gc/common/../lib/cube/libogc.a(gx.o)
                0x80019630                GX_PokeBlendMode
 .text.GX_PokeZMode
                0x80019780       0x98 /home/hazelwiss/dev/research/gc/common/../lib/cube/libogc.a(gx.o)
                0x80019780                GX_PokeZMode
 .text.GX_InitLightPos
                0x80019818       0x74 /home/hazelwiss/dev/research/gc/common/../lib/cube/libogc.a(gx.o)
                0x80019818                GX_InitLightPos
 .text.GX_InitLightColor
                0x8001988c       0x80 /home/hazelwiss/dev/research/gc/common/../lib/cube/libogc.a(gx.o)
                0x8001988c                GX_InitLightColor
 .text.GX_LoadLightObj
                0x8001990c      0x2cc /home/hazelwiss/dev/research/gc/common/../lib/cube/libogc.a(gx.o)
                0x8001990c                GX_LoadLightObj
 .text.GX_InitLightDir
                0x80019bd8       0x98 /home/hazelwiss/dev/research/gc/common/../lib/cube/libogc.a(gx.o)
                0x80019bd8                GX_InitLightDir
 .text.GX_InitLightDistAttn
                0x80019c70      0x210 /home/hazelwiss/dev/research/gc/common/../lib/cube/libogc.a(gx.o)
                0x80019c70                GX_InitLightDistAttn
 .text.GX_InitLightSpot
                0x80019e80      0x388 /home/hazelwiss/dev/research/gc/common/../lib/cube/libogc.a(gx.o)
                0x80019e80                GX_InitLightSpot
 .text.GX_SetGPMetric
                0x8001a208      0xcb8 /home/hazelwiss/dev/research/gc/common/../lib/cube/libogc.a(gx.o)
                0x8001a208                GX_SetGPMetric
 .text.GX_ClearGPMetric
                0x8001aec0       0x30 /home/hazelwiss/dev/research/gc/common/../lib/cube/libogc.a(gx.o)
                0x8001aec0                GX_ClearGPMetric
 .text.GX_GetYScaleFactor
                0x8001aef0      0x2d4 /home/hazelwiss/dev/research/gc/common/../lib/cube/libogc.a(gx.o)
                0x8001aef0                GX_GetYScaleFactor
 .text.guPerspective
                0x8001b1c4      0x1ec /home/hazelwiss/dev/research/gc/common/../lib/cube/libogc.a(gu.o)
                0x8001b1c4                guPerspective
 .text.guLookAt
                0x8001b3b0      0x22c /home/hazelwiss/dev/research/gc/common/../lib/cube/libogc.a(gu.o)
                0x8001b3b0                guLookAt
 .text.ps_guMtxRotRad
                0x8001b5dc       0x88 /home/hazelwiss/dev/research/gc/common/../lib/cube/libogc.a(gu.o)
                0x8001b5dc                ps_guMtxRotRad
 .text.__lwp_wd_tickle_ticks
                0x8001b664       0x3c /home/hazelwiss/dev/research/gc/common/../lib/cube/libogc.a(decrementer.o)
 .text.__decrementer_init
                0x8001b6a0       0x20 /home/hazelwiss/dev/research/gc/common/../lib/cube/libogc.a(decrementer.o)
                0x8001b6a0                __decrementer_init
 .text.c_decrementer_handler
                0x8001b6c0       0x38 /home/hazelwiss/dev/research/gc/common/../lib/cube/libogc.a(decrementer.o)
                0x8001b6c0                c_decrementer_handler
 .text.__lwp_mqbox_init
                0x8001b6f8       0x44 /home/hazelwiss/dev/research/gc/common/../lib/cube/libogc.a(message.o)
                0x8001b6f8                __lwp_mqbox_init
 .text.__si_getxy
                0x8001b73c       0x88 /home/hazelwiss/dev/research/gc/common/../lib/cube/libogc.a(si.o)
 .text.__si_cleartcinterrupt
                0x8001b7c4       0x48 /home/hazelwiss/dev/research/gc/common/../lib/cube/libogc.a(si.o)
 .text.__si_alarmhandler
                0x8001b80c      0x190 /home/hazelwiss/dev/research/gc/common/../lib/cube/libogc.a(si.o)
 .text.__si_completetransfer
                0x8001b99c      0x2c0 /home/hazelwiss/dev/research/gc/common/../lib/cube/libogc.a(si.o)
 .text.__si_transfer
                0x8001bc5c      0x2bc /home/hazelwiss/dev/research/gc/common/../lib/cube/libogc.a(si.o)
 .text.__si_calltypandstatuscallback
                0x8001bf18       0xd8 /home/hazelwiss/dev/research/gc/common/../lib/cube/libogc.a(si.o)
 .text.__si_gettypecallback
                0x8001bff0      0x498 /home/hazelwiss/dev/research/gc/common/../lib/cube/libogc.a(si.o)
 .text.__si_transfernext
                0x8001c488      0x1f0 /home/hazelwiss/dev/research/gc/common/../lib/cube/libogc.a(si.o)
 .text.__si_interrupthandler
                0x8001c678      0x360 /home/hazelwiss/dev/research/gc/common/../lib/cube/libogc.a(si.o)
 .text.SI_Busy  0x8001c9d8       0x3c /home/hazelwiss/dev/research/gc/common/../lib/cube/libogc.a(si.o)
                0x8001c9d8                SI_Busy
 .text.SI_IsChanBusy
                0x8001ca14       0x74 /home/hazelwiss/dev/research/gc/common/../lib/cube/libogc.a(si.o)
                0x8001ca14                SI_IsChanBusy
 .text.SI_SetXY
                0x8001ca88       0xe4 /home/hazelwiss/dev/research/gc/common/../lib/cube/libogc.a(si.o)
                0x8001ca88                SI_SetXY
 .text.SI_EnablePolling
                0x8001cb6c      0x12c /home/hazelwiss/dev/research/gc/common/../lib/cube/libogc.a(si.o)
                0x8001cb6c                SI_EnablePolling
 .text.SI_DisablePolling
                0x8001cc98       0xd0 /home/hazelwiss/dev/research/gc/common/../lib/cube/libogc.a(si.o)
                0x8001cc98                SI_DisablePolling
 .text.SI_SetSamplingRate
                0x8001cd68      0x134 /home/hazelwiss/dev/research/gc/common/../lib/cube/libogc.a(si.o)
                0x8001cd68                SI_SetSamplingRate
 .text.SI_RefreshSamplingRate
                0x8001ce9c       0x3c /home/hazelwiss/dev/research/gc/common/../lib/cube/libogc.a(si.o)
                0x8001ce9c                SI_RefreshSamplingRate
 .text.SI_GetStatus
                0x8001ced8       0xf8 /home/hazelwiss/dev/research/gc/common/../lib/cube/libogc.a(si.o)
                0x8001ced8                SI_GetStatus
 .text.SI_GetResponseRaw
                0x8001cfd0       0xec /home/hazelwiss/dev/research/gc/common/../lib/cube/libogc.a(si.o)
                0x8001cfd0                SI_GetResponseRaw
 .text.SI_GetResponse
                0x8001d0bc      0x12c /home/hazelwiss/dev/research/gc/common/../lib/cube/libogc.a(si.o)
                0x8001d0bc                SI_GetResponse
 .text.SI_SetCommand
                0x8001d1e8       0x44 /home/hazelwiss/dev/research/gc/common/../lib/cube/libogc.a(si.o)
                0x8001d1e8                SI_SetCommand
 .text.SI_Transfer
                0x8001d22c      0x418 /home/hazelwiss/dev/research/gc/common/../lib/cube/libogc.a(si.o)
                0x8001d22c                SI_Transfer
 .text.SI_GetType
                0x8001d644      0x2e4 /home/hazelwiss/dev/research/gc/common/../lib/cube/libogc.a(si.o)
                0x8001d644                SI_GetType
 .text.SI_GetTypeAsync
                0x8001d928      0x1c4 /home/hazelwiss/dev/research/gc/common/../lib/cube/libogc.a(si.o)
                0x8001d928                SI_GetTypeAsync
 .text.SI_TransferCommands
                0x8001daec       0x34 /home/hazelwiss/dev/research/gc/common/../lib/cube/libogc.a(si.o)
                0x8001daec                SI_TransferCommands
 .text.SI_RegisterPollingHandler
                0x8001db20      0x1b4 /home/hazelwiss/dev/research/gc/common/../lib/cube/libogc.a(si.o)
                0x8001db20                SI_RegisterPollingHandler
 .text.SI_UnregisterPollingHandler
                0x8001dcd4      0x18c /home/hazelwiss/dev/research/gc/common/../lib/cube/libogc.a(si.o)
                0x8001dcd4                SI_UnregisterPollingHandler
 .text.SI_EnablePollingInterrupt
                0x8001de60      0x140 /home/hazelwiss/dev/research/gc/common/../lib/cube/libogc.a(si.o)
                0x8001de60                SI_EnablePollingInterrupt
 .text.__si_init
                0x8001dfa0      0x138 /home/hazelwiss/dev/research/gc/common/../lib/cube/libogc.a(si.o)
                0x8001dfa0                __si_init
 .text.gettick  0x8001e0d8       0x2c /home/hazelwiss/dev/research/gc/common/../lib/cube/libogc.a(timesupp.o)
                0x8001e0d8                gettick
 .text.gettime  0x8001e104       0x4c /home/hazelwiss/dev/research/gc/common/../lib/cube/libogc.a(timesupp.o)
                0x8001e104                gettime
 .text.settime  0x8001e150       0x54 /home/hazelwiss/dev/research/gc/common/../lib/cube/libogc.a(timesupp.o)
                0x8001e150                settime
 .text.diff_usec
                0x8001e1a4      0x100 /home/hazelwiss/dev/research/gc/common/../lib/cube/libogc.a(timesupp.o)
                0x8001e1a4                diff_usec
 .text.__timesystem_init
                0x8001e2a4       0x4c /home/hazelwiss/dev/research/gc/common/../lib/cube/libogc.a(timesupp.o)
                0x8001e2a4                __timesystem_init
 .text.udelay   0x8001e2f0       0x78 /home/hazelwiss/dev/research/gc/common/../lib/cube/libogc.a(timesupp.o)
                0x8001e2f0                udelay
 .text.__libogc_lock_init
                0x8001e368       0x9c /home/hazelwiss/dev/research/gc/common/../lib/cube/libogc.a(lock_supp.o)
 .text.__syscall_lock_init
                0x8001e404       0x40 /home/hazelwiss/dev/research/gc/common/../lib/cube/libogc.a(lock_supp.o)
                0x8001e404                __syscall_lock_init
 .text.__syscall_lock_init_recursive
                0x8001e444       0x40 /home/hazelwiss/dev/research/gc/common/../lib/cube/libogc.a(lock_supp.o)
                0x8001e444                __syscall_lock_init_recursive
 .text.__syscall_lock_close
                0x8001e484       0x84 /home/hazelwiss/dev/research/gc/common/../lib/cube/libogc.a(lock_supp.o)
                0x8001e484                __syscall_lock_close
 .text.__syscall_lock_acquire
                0x8001e508       0x68 /home/hazelwiss/dev/research/gc/common/../lib/cube/libogc.a(lock_supp.o)
                0x8001e508                __syscall_lock_acquire
 .text.__syscall_lock_release
                0x8001e570       0x68 /home/hazelwiss/dev/research/gc/common/../lib/cube/libogc.a(lock_supp.o)
                0x8001e570                __syscall_lock_release
 .text._sbrk_r  0x8001e5d8      0x108 /home/hazelwiss/dev/research/gc/common/../lib/cube/libogc.a(sbrk.o)
                0x8001e5d8                _sbrk_r
 .text.__lwp_thread_isexec
                0x8001e6e0       0x3c /home/hazelwiss/dev/research/gc/common/../lib/cube/libogc.a(malloc_lock.o)
 .text.__lwp_thread_dispatchenable
                0x8001e71c       0x48 /home/hazelwiss/dev/research/gc/common/../lib/cube/libogc.a(malloc_lock.o)
 .text.__lwp_thread_dispatchdisable
                0x8001e764       0x2c /home/hazelwiss/dev/research/gc/common/../lib/cube/libogc.a(malloc_lock.o)
 .text.__lwp_thread_dispatchunnest
                0x8001e790       0x2c /home/hazelwiss/dev/research/gc/common/../lib/cube/libogc.a(malloc_lock.o)
 .text.__lwp_threadqueue_csenter
                0x8001e7bc       0x30 /home/hazelwiss/dev/research/gc/common/../lib/cube/libogc.a(malloc_lock.o)
 .text.__lwp_mutex_locked
                0x8001e7ec       0x38 /home/hazelwiss/dev/research/gc/common/../lib/cube/libogc.a(malloc_lock.o)
 .text.__lwp_mutex_isinheritprio
                0x8001e824       0x3c /home/hazelwiss/dev/research/gc/common/../lib/cube/libogc.a(malloc_lock.o)
 .text.__lwp_mutex_isprioceiling
                0x8001e860       0x3c /home/hazelwiss/dev/research/gc/common/../lib/cube/libogc.a(malloc_lock.o)
 .text.__lwp_mutex_seize_irq_trylock
                0x8001e89c      0x338 /home/hazelwiss/dev/research/gc/common/../lib/cube/libogc.a(malloc_lock.o)
 .text.__lwp_mutex_seize
                0x8001ebd4      0x12c /home/hazelwiss/dev/research/gc/common/../lib/cube/libogc.a(malloc_lock.o)
 .text.__memlock_init
                0x8001ed00       0x84 /home/hazelwiss/dev/research/gc/common/../lib/cube/libogc.a(malloc_lock.o)
                0x8001ed00                __memlock_init
 .text.__libogc_malloc_lock
                0x8001ed84       0x94 /home/hazelwiss/dev/research/gc/common/../lib/cube/libogc.a(malloc_lock.o)
                0x8001ed84                __libogc_malloc_lock
 .text.__libogc_malloc_unlock
                0x8001ee18       0x58 /home/hazelwiss/dev/research/gc/common/../lib/cube/libogc.a(malloc_lock.o)
                0x8001ee18                __libogc_malloc_unlock
 .text.__CheckARGV
                0x8001ee70       0xb8 /home/hazelwiss/dev/research/gc/common/../lib/cube/libogc.a(argv.o)
                0x8001ee70                __CheckARGV
 .text.__lwp_priority_init
                0x8001ef28       0x6c /home/hazelwiss/dev/research/gc/common/../lib/cube/libogc.a(lwp_priority.o)
                0x8001ef28                __lwp_priority_init
 .text.__lwp_queue_head
                0x8001ef94       0x28 /home/hazelwiss/dev/research/gc/common/../lib/cube/libogc.a(lwp_threadq.o)
 .text.__lwp_queue_tail
                0x8001efbc       0x2c /home/hazelwiss/dev/research/gc/common/../lib/cube/libogc.a(lwp_threadq.o)
 .text.__lwp_queue_istail
                0x8001efe8       0x58 /home/hazelwiss/dev/research/gc/common/../lib/cube/libogc.a(lwp_threadq.o)
 .text.__lwp_queue_ishead
                0x8001f040       0x58 /home/hazelwiss/dev/research/gc/common/../lib/cube/libogc.a(lwp_threadq.o)
 .text.__lwp_queue_firstnodeI
                0x8001f098       0x70 /home/hazelwiss/dev/research/gc/common/../lib/cube/libogc.a(lwp_threadq.o)
 .text.__lwp_queue_init_empty
                0x8001f108       0x68 /home/hazelwiss/dev/research/gc/common/../lib/cube/libogc.a(lwp_threadq.o)
 .text.__lwp_queue_isempty
                0x8001f170       0x60 /home/hazelwiss/dev/research/gc/common/../lib/cube/libogc.a(lwp_threadq.o)
 .text.__lwp_queue_onenode
                0x8001f1d0       0x44 /home/hazelwiss/dev/research/gc/common/../lib/cube/libogc.a(lwp_threadq.o)
 .text.__lwp_queue_appendI
                0x8001f214       0x7c /home/hazelwiss/dev/research/gc/common/../lib/cube/libogc.a(lwp_threadq.o)
 .text.__lwp_queue_extractI
                0x8001f290       0x54 /home/hazelwiss/dev/research/gc/common/../lib/cube/libogc.a(lwp_threadq.o)
 .text.__lwp_statewaitthreadqueue
                0x8001f2e4       0x2c /home/hazelwiss/dev/research/gc/common/../lib/cube/libogc.a(lwp_threadq.o)
 .text.__lwp_statesset
                0x8001f310       0x40 /home/hazelwiss/dev/research/gc/common/../lib/cube/libogc.a(lwp_threadq.o)
 .text.__lwp_wd_initialize
                0x8001f350       0x60 /home/hazelwiss/dev/research/gc/common/../lib/cube/libogc.a(lwp_threadq.o)
 .text.__lwp_wd_deactivate
                0x8001f3b0       0x30 /home/hazelwiss/dev/research/gc/common/../lib/cube/libogc.a(lwp_threadq.o)
 .text.__lwp_wd_isactive
                0x8001f3e0       0x3c /home/hazelwiss/dev/research/gc/common/../lib/cube/libogc.a(lwp_threadq.o)
 .text.__lwp_wd_insert_ticks
                0x8001f41c       0xfc /home/hazelwiss/dev/research/gc/common/../lib/cube/libogc.a(lwp_threadq.o)
 .text.__lwp_wd_remove_ticks
                0x8001f518       0x44 /home/hazelwiss/dev/research/gc/common/../lib/cube/libogc.a(lwp_threadq.o)
 .text.__lwp_thread_isexec
                0x8001f55c       0x3c /home/hazelwiss/dev/research/gc/common/../lib/cube/libogc.a(lwp_threadq.o)
 .text.__lwp_thread_dispatchdisable
                0x8001f598       0x2c /home/hazelwiss/dev/research/gc/common/../lib/cube/libogc.a(lwp_threadq.o)
 .text.__lwp_thread_dispatchunnest
                0x8001f5c4       0x2c /home/hazelwiss/dev/research/gc/common/../lib/cube/libogc.a(lwp_threadq.o)
 .text.__lwp_thread_unblock
                0x8001f5f0       0x44 /home/hazelwiss/dev/research/gc/common/../lib/cube/libogc.a(lwp_threadq.o)
 .text.__lwp_threadqueue_timeout
                0x8001f634       0xbc /home/hazelwiss/dev/research/gc/common/../lib/cube/libogc.a(lwp_threadq.o)
 .text.__lwp_threadqueue_enqueuefifo
                0x8001f6f0      0x1fc /home/hazelwiss/dev/research/gc/common/../lib/cube/libogc.a(lwp_threadq.o)
                0x8001f6f0                __lwp_threadqueue_enqueuefifo
 .text.__lwp_threadqueue_dequeuefifo
                0x8001f8ec      0x1e4 /home/hazelwiss/dev/research/gc/common/../lib/cube/libogc.a(lwp_threadq.o)
                0x8001f8ec                __lwp_threadqueue_dequeuefifo
 .text.__lwp_threadqueue_enqueuepriority
                0x8001fad0      0x5ec /home/hazelwiss/dev/research/gc/common/../lib/cube/libogc.a(lwp_threadq.o)
                0x8001fad0                __lwp_threadqueue_enqueuepriority
 .text.__lwp_threadqueue_dequeuepriority
                0x800200bc      0x338 /home/hazelwiss/dev/research/gc/common/../lib/cube/libogc.a(lwp_threadq.o)
                0x800200bc                __lwp_threadqueue_dequeuepriority
 .text.__lwp_threadqueue_init
                0x800203f4       0xdc /home/hazelwiss/dev/research/gc/common/../lib/cube/libogc.a(lwp_threadq.o)
                0x800203f4                __lwp_threadqueue_init
 .text.__lwp_threadqueue_enqueue
                0x800204d0      0x100 /home/hazelwiss/dev/research/gc/common/../lib/cube/libogc.a(lwp_threadq.o)
                0x800204d0                __lwp_threadqueue_enqueue
 .text.__lwp_threadqueue_dequeue
                0x800205d0       0x88 /home/hazelwiss/dev/research/gc/common/../lib/cube/libogc.a(lwp_threadq.o)
                0x800205d0                __lwp_threadqueue_dequeue
 .text.__lwp_threadqueue_flush
                0x80020658       0x64 /home/hazelwiss/dev/research/gc/common/../lib/cube/libogc.a(lwp_threadq.o)
                0x80020658                __lwp_threadqueue_flush
 .text.__lwp_threadqueue_extract
                0x800206bc       0x74 /home/hazelwiss/dev/research/gc/common/../lib/cube/libogc.a(lwp_threadq.o)
                0x800206bc                __lwp_threadqueue_extract
 .text.__lwp_threadqueue_extractfifo
                0x80020730      0x15c /home/hazelwiss/dev/research/gc/common/../lib/cube/libogc.a(lwp_threadq.o)
                0x80020730                __lwp_threadqueue_extractfifo
 .text.__lwp_threadqueue_extractpriority
                0x8002088c      0x27c /home/hazelwiss/dev/research/gc/common/../lib/cube/libogc.a(lwp_threadq.o)
                0x8002088c                __lwp_threadqueue_extractpriority
 .text.__lwp_threadqueue_extractproxy
                0x80020b08       0x74 /home/hazelwiss/dev/research/gc/common/../lib/cube/libogc.a(lwp_threadq.o)
                0x80020b08                __lwp_threadqueue_extractproxy
 .text.__lwp_objmgr_setlocal
                0x80020b7c       0x5c /home/hazelwiss/dev/research/gc/common/../lib/cube/libogc.a(lwp_threads.o)
 .text.__lwp_objmgr_close
                0x80020bd8       0x50 /home/hazelwiss/dev/research/gc/common/../lib/cube/libogc.a(lwp_threads.o)
 .text.__lwp_priomap_init
                0x80020c28       0xb4 /home/hazelwiss/dev/research/gc/common/../lib/cube/libogc.a(lwp_threads.o)
 .text.__lwp_priomap_addto
                0x80020cdc       0x5c /home/hazelwiss/dev/research/gc/common/../lib/cube/libogc.a(lwp_threads.o)
 .text.__lwp_priomap_removefrom
                0x80020d38       0x70 /home/hazelwiss/dev/research/gc/common/../lib/cube/libogc.a(lwp_threads.o)
 .text.__lwp_priomap_highest
                0x80020da8       0x6c /home/hazelwiss/dev/research/gc/common/../lib/cube/libogc.a(lwp_threads.o)
 .text.__lwp_queue_head
                0x80020e14       0x28 /home/hazelwiss/dev/research/gc/common/../lib/cube/libogc.a(lwp_threads.o)
 .text.__lwp_queue_tail
                0x80020e3c       0x2c /home/hazelwiss/dev/research/gc/common/../lib/cube/libogc.a(lwp_threads.o)
 .text.__lwp_queue_init_empty
                0x80020e68       0x68 /home/hazelwiss/dev/research/gc/common/../lib/cube/libogc.a(lwp_threads.o)
 .text.__lwp_queue_onenode
                0x80020ed0       0x44 /home/hazelwiss/dev/research/gc/common/../lib/cube/libogc.a(lwp_threads.o)
 .text.__lwp_queue_appendI
                0x80020f14       0x7c /home/hazelwiss/dev/research/gc/common/../lib/cube/libogc.a(lwp_threads.o)
 .text.__lwp_queue_extractI
                0x80020f90       0x54 /home/hazelwiss/dev/research/gc/common/../lib/cube/libogc.a(lwp_threads.o)
 .text.__lwp_queue_insertI
                0x80020fe4       0x64 /home/hazelwiss/dev/research/gc/common/../lib/cube/libogc.a(lwp_threads.o)
 .text.__lwp_queue_prependI
                0x80021048       0x50 /home/hazelwiss/dev/research/gc/common/../lib/cube/libogc.a(lwp_threads.o)
 .text.__lwp_stack_isenough
                0x80021098       0x38 /home/hazelwiss/dev/research/gc/common/../lib/cube/libogc.a(lwp_threads.o)
 .text.__lwp_setstate
                0x800210d0       0x34 /home/hazelwiss/dev/research/gc/common/../lib/cube/libogc.a(lwp_threads.o)
 .text.__lwp_clearstate
                0x80021104       0x38 /home/hazelwiss/dev/research/gc/common/../lib/cube/libogc.a(lwp_threads.o)
 .text.__lwp_stateready
                0x8002113c       0x34 /home/hazelwiss/dev/research/gc/common/../lib/cube/libogc.a(lwp_threads.o)
 .text.__lwp_statedormant
                0x80021170       0x2c /home/hazelwiss/dev/research/gc/common/../lib/cube/libogc.a(lwp_threads.o)
 .text.__lwp_wd_initialize
                0x8002119c       0x60 /home/hazelwiss/dev/research/gc/common/../lib/cube/libogc.a(lwp_threads.o)
 .text.__lwp_wd_deactivate
                0x800211fc       0x30 /home/hazelwiss/dev/research/gc/common/../lib/cube/libogc.a(lwp_threads.o)
 .text.__lwp_wd_isactive
                0x8002122c       0x3c /home/hazelwiss/dev/research/gc/common/../lib/cube/libogc.a(lwp_threads.o)
 .text.__lwp_wd_insert_ticks
                0x80021268       0xfc /home/hazelwiss/dev/research/gc/common/../lib/cube/libogc.a(lwp_threads.o)
 .text.__lwp_wd_remove_ticks
                0x80021364       0x44 /home/hazelwiss/dev/research/gc/common/../lib/cube/libogc.a(lwp_threads.o)
 .text.__lwp_thread_isexec
                0x800213a8       0x3c /home/hazelwiss/dev/research/gc/common/../lib/cube/libogc.a(lwp_threads.o)
 .text.__lwp_thread_isheir
                0x800213e4       0x3c /home/hazelwiss/dev/research/gc/common/../lib/cube/libogc.a(lwp_threads.o)
 .text.__lwp_thread_calcheir
                0x80021420       0x50 /home/hazelwiss/dev/research/gc/common/../lib/cube/libogc.a(lwp_threads.o)
 .text.__lwp_thread_isallocatedfp
                0x80021470       0x3c /home/hazelwiss/dev/research/gc/common/../lib/cube/libogc.a(lwp_threads.o)
 .text.__lwp_thread_deallocatefp
                0x800214ac       0x28 /home/hazelwiss/dev/research/gc/common/../lib/cube/libogc.a(lwp_threads.o)
 .text.__lwp_thread_dispatchinitialize
                0x800214d4       0x28 /home/hazelwiss/dev/research/gc/common/../lib/cube/libogc.a(lwp_threads.o)
 .text.__lwp_thread_dispatchenable
                0x800214fc       0x48 /home/hazelwiss/dev/research/gc/common/../lib/cube/libogc.a(lwp_threads.o)
 .text.__lwp_thread_dispatchdisable
                0x80021544       0x2c /home/hazelwiss/dev/research/gc/common/../lib/cube/libogc.a(lwp_threads.o)
 .text.__lwp_thread_dispatchunnest
                0x80021570       0x2c /home/hazelwiss/dev/research/gc/common/../lib/cube/libogc.a(lwp_threads.o)
 .text.__lwp_thread_inittimeslice
                0x8002159c       0x50 /home/hazelwiss/dev/research/gc/common/../lib/cube/libogc.a(lwp_threads.o)
 .text.__lwp_thread_starttimeslice
                0x800215ec       0x48 /home/hazelwiss/dev/research/gc/common/../lib/cube/libogc.a(lwp_threads.o)
 .text.__lwp_thread_stoptimeslice
                0x80021634       0x3c /home/hazelwiss/dev/research/gc/common/../lib/cube/libogc.a(lwp_threads.o)
 .text.__sys_state_set
                0x80021670       0x2c /home/hazelwiss/dev/research/gc/common/../lib/cube/libogc.a(lwp_threads.o)
 .text.__sys_state_get
                0x8002169c       0x24 /home/hazelwiss/dev/research/gc/common/../lib/cube/libogc.a(lwp_threads.o)
 .text.__syscall_getreent
                0x800216c0       0x50 /home/hazelwiss/dev/research/gc/common/../lib/cube/libogc.a(lwp_threads.o)
                0x800216c0                __syscall_getreent
 .text.__lwp_isr_in_progress
                0x80021710       0x44 /home/hazelwiss/dev/research/gc/common/../lib/cube/libogc.a(lwp_threads.o)
                0x80021710                __lwp_isr_in_progress
 .text.__lwp_msr_setlevel
                0x80021754       0x60 /home/hazelwiss/dev/research/gc/common/../lib/cube/libogc.a(lwp_threads.o)
 .text.__lwp_thread_tickle_timeslice
                0x800217b4      0x130 /home/hazelwiss/dev/research/gc/common/../lib/cube/libogc.a(lwp_threads.o)
                0x800217b4                __lwp_thread_tickle_timeslice
 .text.__thread_dispatch_fp
                0x800218e4       0xdc /home/hazelwiss/dev/research/gc/common/../lib/cube/libogc.a(lwp_threads.o)
                0x800218e4                __thread_dispatch_fp
 .text.__thread_dispatch
                0x800219c0      0x14c /home/hazelwiss/dev/research/gc/common/../lib/cube/libogc.a(lwp_threads.o)
                0x800219c0                __thread_dispatch
 .text.__lwp_thread_handler
                0x80021b0c       0x88 /home/hazelwiss/dev/research/gc/common/../lib/cube/libogc.a(lwp_threads.o)
 .text.__lwp_thread_resettimeslice
                0x80021b94      0x158 /home/hazelwiss/dev/research/gc/common/../lib/cube/libogc.a(lwp_threads.o)
                0x80021b94                __lwp_thread_resettimeslice
 .text.__lwp_thread_setstate
                0x80021cec      0x1b8 /home/hazelwiss/dev/research/gc/common/../lib/cube/libogc.a(lwp_threads.o)
                0x80021cec                __lwp_thread_setstate
 .text.__lwp_thread_clearstate
                0x80021ea4      0x1a0 /home/hazelwiss/dev/research/gc/common/../lib/cube/libogc.a(lwp_threads.o)
                0x80021ea4                __lwp_thread_clearstate
 .text.__lwp_thread_changepriority
                0x80022044      0x1e0 /home/hazelwiss/dev/research/gc/common/../lib/cube/libogc.a(lwp_threads.o)
                0x80022044                __lwp_thread_changepriority
 .text.__lwp_thread_setpriority
                0x80022224       0x78 /home/hazelwiss/dev/research/gc/common/../lib/cube/libogc.a(lwp_threads.o)
                0x80022224                __lwp_thread_setpriority
 .text.__lwp_thread_suspend
                0x8002229c      0x1c8 /home/hazelwiss/dev/research/gc/common/../lib/cube/libogc.a(lwp_threads.o)
                0x8002229c                __lwp_thread_suspend
 .text.__lwp_thread_settransient
                0x80022464      0x110 /home/hazelwiss/dev/research/gc/common/../lib/cube/libogc.a(lwp_threads.o)
                0x80022464                __lwp_thread_settransient
 .text.__lwp_thread_resume
                0x80022574      0x210 /home/hazelwiss/dev/research/gc/common/../lib/cube/libogc.a(lwp_threads.o)
                0x80022574                __lwp_thread_resume
 .text.__lwp_thread_loadenv
                0x80022784      0x104 /home/hazelwiss/dev/research/gc/common/../lib/cube/libogc.a(lwp_threads.o)
                0x80022784                __lwp_thread_loadenv
 .text.__lwp_thread_ready
                0x80022888      0x134 /home/hazelwiss/dev/research/gc/common/../lib/cube/libogc.a(lwp_threads.o)
                0x80022888                __lwp_thread_ready
 .text.__lwp_thread_init
                0x800229bc      0x1c4 /home/hazelwiss/dev/research/gc/common/../lib/cube/libogc.a(lwp_threads.o)
                0x800229bc                __lwp_thread_init
 .text.__lwp_thread_close
                0x80022b80      0x1bc /home/hazelwiss/dev/research/gc/common/../lib/cube/libogc.a(lwp_threads.o)
                0x80022b80                __lwp_thread_close
 .text.__lwp_thread_closeall
                0x80022d3c      0x130 /home/hazelwiss/dev/research/gc/common/../lib/cube/libogc.a(lwp_threads.o)
                0x80022d3c                __lwp_thread_closeall
 .text.__lwp_thread_exit
                0x80022e6c       0x54 /home/hazelwiss/dev/research/gc/common/../lib/cube/libogc.a(lwp_threads.o)
                0x80022e6c                __lwp_thread_exit
 .text.__lwp_thread_start
                0x80022ec0      0x164 /home/hazelwiss/dev/research/gc/common/../lib/cube/libogc.a(lwp_threads.o)
                0x80022ec0                __lwp_thread_start
 .text.__lwp_thread_startmultitasking
                0x80023024       0x8c /home/hazelwiss/dev/research/gc/common/../lib/cube/libogc.a(lwp_threads.o)
                0x80023024                __lwp_thread_startmultitasking
 .text.__lwp_thread_stopmultitasking
                0x800230b0       0x70 /home/hazelwiss/dev/research/gc/common/../lib/cube/libogc.a(lwp_threads.o)
                0x800230b0                __lwp_thread_stopmultitasking
 .text.__lwp_thread_coreinit
                0x80023120       0xbc /home/hazelwiss/dev/research/gc/common/../lib/cube/libogc.a(lwp_threads.o)
                0x80023120                __lwp_thread_coreinit
 .text.__lwp_objmgr_setlocal
                0x800231dc       0x5c /home/hazelwiss/dev/research/gc/common/../lib/cube/libogc.a(lwp.o)
 .text.__lwp_objmgr_open
                0x80023238       0x50 /home/hazelwiss/dev/research/gc/common/../lib/cube/libogc.a(lwp.o)
 .text.__lwp_statesuspended
                0x80023288       0x2c /home/hazelwiss/dev/research/gc/common/../lib/cube/libogc.a(lwp.o)
 .text.__lwp_threadqueue_csenter
                0x800232b4       0x30 /home/hazelwiss/dev/research/gc/common/../lib/cube/libogc.a(lwp.o)
 .text.__lwp_thread_dispatchenable
                0x800232e4       0x48 /home/hazelwiss/dev/research/gc/common/../lib/cube/libogc.a(lwp.o)
 .text.__lwp_thread_dispatchdisable
                0x8002332c       0x2c /home/hazelwiss/dev/research/gc/common/../lib/cube/libogc.a(lwp.o)
 .text.__lwp_thread_dispatchunnest
                0x80023358       0x2c /home/hazelwiss/dev/research/gc/common/../lib/cube/libogc.a(lwp.o)
 .text.__lwp_cntrl_open
                0x80023384       0x7c /home/hazelwiss/dev/research/gc/common/../lib/cube/libogc.a(lwp.o)
 .text.__lwp_tqueue_open
                0x80023400       0x7c /home/hazelwiss/dev/research/gc/common/../lib/cube/libogc.a(lwp.o)
 .text.__lwp_tqueue_allocate
                0x8002347c       0x74 /home/hazelwiss/dev/research/gc/common/../lib/cube/libogc.a(lwp.o)
 .text.idle_func
                0x800234f0       0x18 /home/hazelwiss/dev/research/gc/common/../lib/cube/libogc.a(lwp.o)
 .text.__lwp_sysinit
                0x80023508      0x13c /home/hazelwiss/dev/research/gc/common/../lib/cube/libogc.a(lwp.o)
                0x80023508                __lwp_sysinit
 .text.LWP_SuspendThread
                0x80023644       0x8c /home/hazelwiss/dev/research/gc/common/../lib/cube/libogc.a(lwp.o)
                0x80023644                LWP_SuspendThread
 .text.LWP_ResumeThread
                0x800236d0       0x90 /home/hazelwiss/dev/research/gc/common/../lib/cube/libogc.a(lwp.o)
                0x800236d0                LWP_ResumeThread
 .text.LWP_GetSelf
                0x80023760       0x50 /home/hazelwiss/dev/research/gc/common/../lib/cube/libogc.a(lwp.o)
                0x80023760                LWP_GetSelf
 .text.LWP_InitQueue
                0x800237b0       0xa8 /home/hazelwiss/dev/research/gc/common/../lib/cube/libogc.a(lwp.o)
                0x800237b0                LWP_InitQueue
 .text.LWP_ThreadSleep
                0x80023858      0x130 /home/hazelwiss/dev/research/gc/common/../lib/cube/libogc.a(lwp.o)
                0x80023858                LWP_ThreadSleep
 .text.LWP_ThreadBroadcast
                0x80023988       0x74 /home/hazelwiss/dev/research/gc/common/../lib/cube/libogc.a(lwp.o)
                0x80023988                LWP_ThreadBroadcast
 .text.__lwp_stack_isenough
                0x800239fc       0x38 /home/hazelwiss/dev/research/gc/common/../lib/cube/libogc.a(lwp_stack.o)
 .text.__lwp_stack_adjust
                0x80023a34       0x2c /home/hazelwiss/dev/research/gc/common/../lib/cube/libogc.a(lwp_stack.o)
 .text.__lwp_wkspace_allocate
                0x80023a60       0x48 /home/hazelwiss/dev/research/gc/common/../lib/cube/libogc.a(lwp_stack.o)
 .text.__lwp_wkspace_free
                0x80023aa8       0x48 /home/hazelwiss/dev/research/gc/common/../lib/cube/libogc.a(lwp_stack.o)
 .text.__lwp_stack_allocate
                0x80023af0       0x98 /home/hazelwiss/dev/research/gc/common/../lib/cube/libogc.a(lwp_stack.o)
                0x80023af0                __lwp_stack_allocate
 .text.__lwp_stack_free
                0x80023b88       0x5c /home/hazelwiss/dev/research/gc/common/../lib/cube/libogc.a(lwp_stack.o)
                0x80023b88                __lwp_stack_free
 .text.__lwp_thread_isexec
                0x80023be4       0x3c /home/hazelwiss/dev/research/gc/common/../lib/cube/libogc.a(lwp_mutex.o)
 .text.__lwp_thread_dispatchenable
                0x80023c20       0x48 /home/hazelwiss/dev/research/gc/common/../lib/cube/libogc.a(lwp_mutex.o)
 .text.__lwp_mutex_isfifo
                0x80023c68       0x38 /home/hazelwiss/dev/research/gc/common/../lib/cube/libogc.a(lwp_mutex.o)
 .text.__lwp_mutex_isinheritprio
                0x80023ca0       0x3c /home/hazelwiss/dev/research/gc/common/../lib/cube/libogc.a(lwp_mutex.o)
 .text.__lwp_mutex_isprioceiling
                0x80023cdc       0x3c /home/hazelwiss/dev/research/gc/common/../lib/cube/libogc.a(lwp_mutex.o)
 .text.__lwp_mutex_initialize
                0x80023d18      0x124 /home/hazelwiss/dev/research/gc/common/../lib/cube/libogc.a(lwp_mutex.o)
                0x80023d18                __lwp_mutex_initialize
 .text.__lwp_mutex_surrender
                0x80023e3c      0x25c /home/hazelwiss/dev/research/gc/common/../lib/cube/libogc.a(lwp_mutex.o)
                0x80023e3c                __lwp_mutex_surrender
 .text.__lwp_mutex_seize_irq_blocking
                0x80024098      0x13c /home/hazelwiss/dev/research/gc/common/../lib/cube/libogc.a(lwp_mutex.o)
                0x80024098                __lwp_mutex_seize_irq_blocking
 .text.__lwp_mutex_flush
                0x800241d4       0x48 /home/hazelwiss/dev/research/gc/common/../lib/cube/libogc.a(lwp_mutex.o)
                0x800241d4                __lwp_mutex_flush
 .text.__lwp_queue_head
                0x8002421c       0x28 /home/hazelwiss/dev/research/gc/common/../lib/cube/libogc.a(lwp_watchdog.o)
 .text.__lwp_queue_tail
                0x80024244       0x2c /home/hazelwiss/dev/research/gc/common/../lib/cube/libogc.a(lwp_watchdog.o)
 .text.__lwp_queue_init_empty
                0x80024270       0x68 /home/hazelwiss/dev/research/gc/common/../lib/cube/libogc.a(lwp_watchdog.o)
 .text.__lwp_queue_isempty
                0x800242d8       0x60 /home/hazelwiss/dev/research/gc/common/../lib/cube/libogc.a(lwp_watchdog.o)
 .text.__lwp_queue_extractI
                0x80024338       0x54 /home/hazelwiss/dev/research/gc/common/../lib/cube/libogc.a(lwp_watchdog.o)
 .text.__lwp_queue_insertI
                0x8002438c       0x64 /home/hazelwiss/dev/research/gc/common/../lib/cube/libogc.a(lwp_watchdog.o)
 .text.__lwp_wd_first
                0x800243f0       0x2c /home/hazelwiss/dev/research/gc/common/../lib/cube/libogc.a(lwp_watchdog.o)
 .text.__lwp_wd_next
                0x8002441c       0x2c /home/hazelwiss/dev/research/gc/common/../lib/cube/libogc.a(lwp_watchdog.o)
 .text.__lwp_wd_activate
                0x80024448       0x30 /home/hazelwiss/dev/research/gc/common/../lib/cube/libogc.a(lwp_watchdog.o)
 .text.__lwp_wd_reset
                0x80024478       0x54 /home/hazelwiss/dev/research/gc/common/../lib/cube/libogc.a(lwp_watchdog.o)
 .text.__lwp_wd_settimer
                0x800244cc      0x170 /home/hazelwiss/dev/research/gc/common/../lib/cube/libogc.a(lwp_watchdog.o)
 .text.__lwp_watchdog_init
                0x8002463c       0x54 /home/hazelwiss/dev/research/gc/common/../lib/cube/libogc.a(lwp_watchdog.o)
                0x8002463c                __lwp_watchdog_init
 .text.__lwp_wd_insert
                0x80024690      0x244 /home/hazelwiss/dev/research/gc/common/../lib/cube/libogc.a(lwp_watchdog.o)
                0x80024690                __lwp_wd_insert
 .text.__lwp_wd_remove
                0x800248d4      0x164 /home/hazelwiss/dev/research/gc/common/../lib/cube/libogc.a(lwp_watchdog.o)
                0x800248d4                __lwp_wd_remove
 .text.__lwp_wd_tickle
                0x80024a38      0x1c0 /home/hazelwiss/dev/research/gc/common/../lib/cube/libogc.a(lwp_watchdog.o)
                0x80024a38                __lwp_wd_tickle
 .text.__lwp_wkspace_init
                0x80024bf8      0x118 /home/hazelwiss/dev/research/gc/common/../lib/cube/libogc.a(lwp_wkspace.o)
                0x80024bf8                __lwp_wkspace_init
 .text.__lwp_queue_head
                0x80024d10       0x28 /home/hazelwiss/dev/research/gc/common/../lib/cube/libogc.a(lwp_objmgr.o)
 .text.__lwp_queue_tail
                0x80024d38       0x2c /home/hazelwiss/dev/research/gc/common/../lib/cube/libogc.a(lwp_objmgr.o)
 .text.__lwp_queue_firstnodeI
                0x80024d64       0x70 /home/hazelwiss/dev/research/gc/common/../lib/cube/libogc.a(lwp_objmgr.o)
 .text.__lwp_queue_init_empty
                0x80024dd4       0x68 /home/hazelwiss/dev/research/gc/common/../lib/cube/libogc.a(lwp_objmgr.o)
 .text.__lwp_queue_isempty
                0x80024e3c       0x60 /home/hazelwiss/dev/research/gc/common/../lib/cube/libogc.a(lwp_objmgr.o)
 .text.__lwp_queue_appendI
                0x80024e9c       0x7c /home/hazelwiss/dev/research/gc/common/../lib/cube/libogc.a(lwp_objmgr.o)
 .text.__lwp_queue_getI
                0x80024f18       0x5c /home/hazelwiss/dev/research/gc/common/../lib/cube/libogc.a(lwp_objmgr.o)
 .text.__lwp_thread_dispatchenable
                0x80024f74       0x48 /home/hazelwiss/dev/research/gc/common/../lib/cube/libogc.a(lwp_objmgr.o)
 .text.__lwp_thread_dispatchdisable
                0x80024fbc       0x2c /home/hazelwiss/dev/research/gc/common/../lib/cube/libogc.a(lwp_objmgr.o)
 .text.__lwp_wkspace_allocate
                0x80024fe8       0x48 /home/hazelwiss/dev/research/gc/common/../lib/cube/libogc.a(lwp_objmgr.o)
 .text.__lwp_wkspace_free
                0x80025030       0x48 /home/hazelwiss/dev/research/gc/common/../lib/cube/libogc.a(lwp_objmgr.o)
 .text.__lwp_objmgr_initinfo
                0x80025078      0x258 /home/hazelwiss/dev/research/gc/common/../lib/cube/libogc.a(lwp_objmgr.o)
                0x80025078                __lwp_objmgr_initinfo
 .text.__lwp_objmgr_getisrdisable
                0x800252d0       0xe4 /home/hazelwiss/dev/research/gc/common/../lib/cube/libogc.a(lwp_objmgr.o)
                0x800252d0                __lwp_objmgr_getisrdisable
 .text.__lwp_objmgr_getnoprotection
                0x800253b4       0x78 /home/hazelwiss/dev/research/gc/common/../lib/cube/libogc.a(lwp_objmgr.o)
                0x800253b4                __lwp_objmgr_getnoprotection
 .text.__lwp_objmgr_get
                0x8002542c       0x90 /home/hazelwiss/dev/research/gc/common/../lib/cube/libogc.a(lwp_objmgr.o)
                0x8002542c                __lwp_objmgr_get
 .text.__lwp_objmgr_allocate
                0x800254bc       0xd4 /home/hazelwiss/dev/research/gc/common/../lib/cube/libogc.a(lwp_objmgr.o)
                0x800254bc                __lwp_objmgr_allocate
 .text.__lwp_objmgr_free
                0x80025590       0xcc /home/hazelwiss/dev/research/gc/common/../lib/cube/libogc.a(lwp_objmgr.o)
                0x80025590                __lwp_objmgr_free
 .text.__lwp_heap_head
                0x8002565c       0x28 /home/hazelwiss/dev/research/gc/common/../lib/cube/libogc.a(lwp_heap.o)
 .text.__lwp_heap_tail
                0x80025684       0x2c /home/hazelwiss/dev/research/gc/common/../lib/cube/libogc.a(lwp_heap.o)
 .text.__lwp_heap_prevblock
                0x800256b0       0x3c /home/hazelwiss/dev/research/gc/common/../lib/cube/libogc.a(lwp_heap.o)
 .text.__lwp_heap_nextblock
                0x800256ec       0x38 /home/hazelwiss/dev/research/gc/common/../lib/cube/libogc.a(lwp_heap.o)
 .text.__lwp_heap_blockat
                0x80025724       0x34 /home/hazelwiss/dev/research/gc/common/../lib/cube/libogc.a(lwp_heap.o)
 .text.__lwp_heap_usrblockat
                0x80025758       0x58 /home/hazelwiss/dev/research/gc/common/../lib/cube/libogc.a(lwp_heap.o)
 .text.__lwp_heap_prev_blockfree
                0x800257b0       0x3c /home/hazelwiss/dev/research/gc/common/../lib/cube/libogc.a(lwp_heap.o)
 .text.__lwp_heap_blockfree
                0x800257ec       0x3c /home/hazelwiss/dev/research/gc/common/../lib/cube/libogc.a(lwp_heap.o)
 .text.__lwp_heap_blocksize
                0x80025828       0x30 /home/hazelwiss/dev/research/gc/common/../lib/cube/libogc.a(lwp_heap.o)
 .text.__lwp_heap_startuser
                0x80025858       0x2c /home/hazelwiss/dev/research/gc/common/../lib/cube/libogc.a(lwp_heap.o)
 .text.__lwp_heap_blockin
                0x80025884       0x6c /home/hazelwiss/dev/research/gc/common/../lib/cube/libogc.a(lwp_heap.o)
 .text.__lwp_heap_pgsize_valid
                0x800258f0       0x54 /home/hazelwiss/dev/research/gc/common/../lib/cube/libogc.a(lwp_heap.o)
 .text.__lwp_heap_buildflag
                0x80025944       0x34 /home/hazelwiss/dev/research/gc/common/../lib/cube/libogc.a(lwp_heap.o)
 .text.__lwp_heap_init
                0x80025978      0x194 /home/hazelwiss/dev/research/gc/common/../lib/cube/libogc.a(lwp_heap.o)
                0x80025978                __lwp_heap_init
 .text.__lwp_heap_allocate
                0x80025b0c      0x2f4 /home/hazelwiss/dev/research/gc/common/../lib/cube/libogc.a(lwp_heap.o)
                0x80025b0c                __lwp_heap_allocate
 .text.__lwp_heap_free
                0x80025e00      0x3cc /home/hazelwiss/dev/research/gc/common/../lib/cube/libogc.a(lwp_heap.o)
                0x80025e00                __lwp_heap_free
 .text.__exception_load
                0x800261cc       0xdc /home/hazelwiss/dev/research/gc/common/../lib/cube/libogc.a(exception.o)
                0x800261cc                __exception_load
 .text.__systemcall_init
                0x800262a8       0x5c /home/hazelwiss/dev/research/gc/common/../lib/cube/libogc.a(exception.o)
                0x800262a8                __systemcall_init
 .text.__exception_init
                0x80026304       0xe4 /home/hazelwiss/dev/research/gc/common/../lib/cube/libogc.a(exception.o)
                0x80026304                __exception_init
 .text.__exception_close
                0x800263e8       0xe8 /home/hazelwiss/dev/research/gc/common/../lib/cube/libogc.a(exception.o)
                0x800263e8                __exception_close